Component: ARM Compiler 5.06 update 7 (build 960) Tool: armlink [4d3601]

==============================================================================

Section Cross References

    startup_stm32h743xx.o(STACK) refers (Special) to heapauxi.o(.text) for __use_two_region_memory
    startup_stm32h743xx.o(HEAP) refers (Special) to heapauxi.o(.text) for __use_two_region_memory
    startup_stm32h743xx.o(RESET) refers (Special) to heapauxi.o(.text) for __use_two_region_memory
    startup_stm32h743xx.o(RESET) refers to startup_stm32h743xx.o(STACK) for __initial_sp
    startup_stm32h743xx.o(RESET) refers to startup_stm32h743xx.o(.text) for Reset_Handler
    startup_stm32h743xx.o(RESET) refers to stm32h7xx_it.o(i.NMI_Handler) for NMI_Handler
    startup_stm32h743xx.o(RESET) refers to stm32h7xx_it.o(i.HardFault_Handler) for HardFault_Handler
    startup_stm32h743xx.o(RESET) refers to stm32h7xx_it.o(i.MemManage_Handler) for MemManage_Handler
    startup_stm32h743xx.o(RESET) refers to stm32h7xx_it.o(i.BusFault_Handler) for BusFault_Handler
    startup_stm32h743xx.o(RESET) refers to stm32h7xx_it.o(i.UsageFault_Handler) for UsageFault_Handler
    startup_stm32h743xx.o(RESET) refers to port.o(.emb_text) for SVC_Handler
    startup_stm32h743xx.o(RESET) refers to stm32h7xx_it.o(i.DebugMon_Handler) for DebugMon_Handler
    startup_stm32h743xx.o(RESET) refers to cmsis_os2.o(i.SysTick_Handler) for SysTick_Handler
    startup_stm32h743xx.o(RESET) refers to stm32h7xx_it.o(i.DMA1_Stream0_IRQHandler) for DMA1_Stream0_IRQHandler
    startup_stm32h743xx.o(RESET) refers to stm32h7xx_it.o(i.FDCAN1_IT0_IRQHandler) for FDCAN1_IT0_IRQHandler
    startup_stm32h743xx.o(RESET) refers to bsp_soem_timebase.o(i.TIM2_IRQHandler) for TIM2_IRQHandler
    startup_stm32h743xx.o(RESET) refers to stm32h7xx_it.o(i.TIM6_DAC_IRQHandler) for TIM6_DAC_IRQHandler
    startup_stm32h743xx.o(RESET) refers to stm32h7xx_it.o(i.UART8_IRQHandler) for UART8_IRQHandler
    startup_stm32h743xx.o(.text) refers (Special) to heapauxi.o(.text) for __use_two_region_memory
    startup_stm32h743xx.o(.text) refers to system_stm32h7xx.o(i.SystemInit) for SystemInit
    startup_stm32h743xx.o(.text) refers to __main.o(!!!main) for __main
    startup_stm32h743xx.o(.text) refers to startup_stm32h743xx.o(HEAP) for Heap_Mem
    startup_stm32h743xx.o(.text) refers to startup_stm32h743xx.o(STACK) for Stack_Mem
    main.o(i.HAL_TIM_PeriodElapsedCallback) refers to stm32h7xx_hal.o(i.HAL_IncTick) for HAL_IncTick
    main.o(i.SystemClock_Config) refers to rt_memclr_w.o(.text) for __aeabi_memclr4
    main.o(i.SystemClock_Config) refers to stm32h7xx_hal_pwr_ex.o(i.HAL_PWREx_ConfigSupply) for HAL_PWREx_ConfigSupply
    main.o(i.SystemClock_Config) refers to stm32h7xx_hal_rcc.o(i.HAL_RCC_OscConfig) for HAL_RCC_OscConfig
    main.o(i.SystemClock_Config) refers to main.o(i.Error_Handler) for Error_Handler
    main.o(i.SystemClock_Config) refers to stm32h7xx_hal_rcc.o(i.HAL_RCC_ClockConfig) for HAL_RCC_ClockConfig
    main.o(i.main) refers to stm32h7xx_hal.o(i.HAL_Init) for HAL_Init
    main.o(i.main) refers to main.o(i.SystemClock_Config) for SystemClock_Config
    main.o(i.main) refers to bsp_soem_timebase.o(i.BSP_SOEM_Timebase_Init) for BSP_SOEM_Timebase_Init
    main.o(i.main) refers to gpio.o(i.MX_GPIO_Init) for MX_GPIO_Init
    main.o(i.main) refers to eth.o(i.MX_ETH_Init) for MX_ETH_Init
    main.o(i.main) refers to usart.o(i.MX_UART8_Init) for MX_UART8_Init
    main.o(i.main) refers to fdcan.o(i.MX_FDCAN1_Init) for MX_FDCAN1_Init
    main.o(i.main) refers to bsp_key.o(i.BSP_Key_Init) for BSP_Key_Init
    main.o(i.main) refers to bsp_lan8720.o(i.LAN8720_SetModeAndSoftReset) for LAN8720_SetModeAndSoftReset
    main.o(i.main) refers to bsp_lan8720.o(i.LAN8720_ReadID) for LAN8720_ReadID
    main.o(i.main) refers to app_can.o(i.APP_CAN_Init) for APP_CAN_Init
    main.o(i.main) refers to main.o(i.Error_Handler) for Error_Handler
    main.o(i.main) refers to cmsis_os2.o(i.osKernelInitialize) for osKernelInitialize
    main.o(i.main) refers to freertos.o(i.MX_FREERTOS_Init) for MX_FREERTOS_Init
    main.o(i.main) refers to cmsis_os2.o(i.osKernelStart) for osKernelStart
    gpio.o(i.MX_GPIO_Init) refers to rt_memclr_w.o(.text) for __aeabi_memclr4
    gpio.o(i.MX_GPIO_Init) refers to stm32h7xx_hal_gpio.o(i.HAL_GPIO_WritePin) for HAL_GPIO_WritePin
    gpio.o(i.MX_GPIO_Init) refers to stm32h7xx_hal_gpio.o(i.HAL_GPIO_Init) for HAL_GPIO_Init
    freertos.o(i.MX_FREERTOS_Init) refers to cmsis_os2.o(i.osThreadNew) for osThreadNew
    freertos.o(i.MX_FREERTOS_Init) refers to app_uart_log.o(i.APP_UART_LOG_Init) for APP_UART_LOG_Init
    freertos.o(i.MX_FREERTOS_Init) refers to ecat.o(i.ECAT_Init) for ECAT_Init
    freertos.o(i.MX_FREERTOS_Init) refers to freertos.o(.constdata) for defaultTask_attributes
    freertos.o(i.MX_FREERTOS_Init) refers to freertos.o(i.StartDefaultTask) for StartDefaultTask
    freertos.o(i.MX_FREERTOS_Init) refers to freertos.o(.data) for defaultTaskHandle
[...]
    0x08000422   0x08000422   0x00000002   PAD
    0x08000424   0x08000424   0x000000be   Code   RO         9540    .emb_text           port.o
    0x080004e2   0x080004e2   0x00000002   PAD
    0x080004e4   0x080004e4   0x00000040   Code   RO            4    .text               startup_stm32h743xx.o
    0x08000524   0x08000524   0x000000ee   Code   RO        10642    .text               c_w.l(lludivv7m.o)
    0x08000612   0x08000612   0x00000002   PAD
    0x08000614   0x08000614   0x00000034   Code   RO        10646    .text               c_w.l(vsnprintf.o)
    0x08000648   0x08000648   0x00000038   Code   RO        10648    .text               c_w.l(__2snprintf.o)
    0x08000680   0x08000680   0x0000004e   Code   RO        10654    .text               c_w.l(_printf_pad.o)
    0x080006ce   0x080006ce   0x00000052   Code   RO        10656    .text               c_w.l(_printf_str.o)
    0x08000720   0x08000720   0x00000078   Code   RO        10658    .text               c_w.l(_printf_dec.o)
    0x08000798   0x08000798   0x00000094   Code   RO        10678    .text               c_w.l(_printf_hex_int_ll_ptr.o)
    0x0800082c   0x0800082c   0x00000188   Code   RO        10698    .text               c_w.l(__printf_flags_ss_wp.o)
    0x080009b4   0x080009b4   0x00000058   Code   RO        10706    .text               c_w.l(memcmp.o)
    0x08000a0c   0x08000a0c   0x0000008a   Code   RO        10708    .text               c_w.l(rt_memcpy_v6.o)
    0x08000a96   0x08000a96   0x00000084   Code   RO        10710    .text               c_w.l(rt_memmove_v6.o)
    0x08000b1a   0x08000b1a   0x00000064   Code   RO        10712    .text               c_w.l(rt_memcpy_w.o)
    0x08000b7e   0x08000b7e   0x00000010   Code   RO        10716    .text               c_w.l(aeabi_memset.o)
    0x08000b8e   0x08000b8e   0x00000044   Code   RO        10718    .text               c_w.l(rt_memclr.o)
    0x08000bd2   0x08000bd2   0x0000004e   Code   RO        10720    .text               c_w.l(rt_memclr_w.o)
    0x08000c20   0x08000c20   0x00000006   Code   RO        10722    .text               c_w.l(heapauxi.o)
    0x08000c26   0x08000c26   0x00000024   Code   RO        10737    .text               c_w.l(_printf_truncate.o)
    0x08000c4a   0x08000c4a   0x000000b2   Code   RO        10739    .text               c_w.l(_printf_intcommon.o)
    0x08000cfc   0x08000cfc   0x00000028   Code   RO        10741    .text               c_w.l(_printf_charcount.o)
    0x08000d24   0x08000d24   0x0000041e   Code   RO        10743    .text               c_w.l(_printf_fp_dec.o)
    0x08001142   0x08001142   0x00000002   PAD
    0x08001144   0x08001144   0x00000030   Code   RO        10745    .text               c_w.l(_printf_char_common.o)
    0x08001174   0x08001174   0x0000000a   Code   RO        10747    .text               c_w.l(_sputc.o)
    0x0800117e   0x0800117e   0x00000010   Code   RO        10749    .text               c_w.l(_snputc.o)
    0x0800118e   0x0800118e   0x0000002c   Code   RO        10751    .text               c_w.l(_printf_char.o)
    0x080011ba   0x080011ba   0x00000002   PAD
    0x080011bc   0x080011bc   0x000000bc   Code   RO        10753    .text               c_w.l(_printf_wctomb.o)
    0x08001278   0x08001278   0x0000007c   Code   RO        10756    .text               c_w.l(_printf_longlong_dec.o)
    0x080012f4   0x080012f4   0x00000070   Code   RO        10762    .text               c_w.l(_printf_oct_int_ll.o)
    0x08001364   0x08001364   0x0000007a   Code   RO        10783    .text               c_w.l(rt_memmove_w.o)
    0x080013de   0x080013de   0x00000002   PAD
    0x080013e0   0x080013e0   0x00000008   Code   RO        10812    .text               c_w.l(rt_locale_intlibspace.o)
    0x080013e8   0x080013e8   0x0000008a   Code   RO        10814    .text               c_w.l(lludiv10.o)
    0x08001472   0x08001472   0x00000002   PAD
    0x08001474   0x08001474   0x000002fc   Code   RO        10816    .text               c_w.l(_printf_fp_hex.o)
    0x08001770   0x08001770   0x00000080   Code   RO        10819    .text               c_w.l(_printf_fp_infnan.o)
    0x080017f0   0x080017f0   0x0000002c   Code   RO        10823    .text               c_w.l(_printf_wchar.o)
    0x0800181c   0x0800181c   0x000000e4   Code   RO        10825    .text               c_w.l(bigflt0.o)
    0x08001900   0x08001900   0x00000040   Code   RO        10850    .text               c_w.l(_wcrtomb.o)
    0x08001940   0x08001940   0x00000008   Code   RO        10859    .text               c_w.l(libspace.o)
    0x08001948   0x08001948   0x0000004a   Code   RO        10862    .text               c_w.l(sys_stackheap_outer.o)
    0x08001992   0x08001992   0x00000002   PAD
    0x08001994   0x08001994   0x00000010   Code   RO        10864    .text               c_w.l(rt_ctype_table.o)
    0x080019a4   0x080019a4   0x00000012   Code   RO        10866    .text               c_w.l(exit.o)
    0x080019b6   0x080019b6   0x00000002   PAD
    0x080019b8   0x080019b8   0x00000068   Code   RO        10872    .text               c_w.l(strcmpv7m_pel.o)
    0x08001a20   0x08001a20   0x0000000c   Code   RO        10940    .text               c_w.l(sys_exit.o)
    0x08001a2c   0x08001a2c   0x00000002   Code   RO        10961    .text               c_w.l(use_no_semi.o)
    0x08001a2e   0x08001a2e   0x00000000   Code   RO        10963    .text               c_w.l(indicate_semi.o)
    0x08001a2e   0x08001a2e   0x0000003e   Code   RO        10828    CL$$btod_d2e        c_w.l(btod.o)
    0x08001a6c   0x08001a6c   0x00000046   Code   RO        10830    CL$$btod_d2e_denorm_low  c_w.l(btod.o)
    0x08001ab2   0x08001ab2   0x00000060   Code   RO        10829    CL$$btod_d2e_norm_op1  c_w.l(btod.o)
    0x08001b12   0x08001b12   0x00000338   Code   RO        10838    CL$$btod_div_common  c_w.l(btod.o)
    0x08001e4a   0x08001e4a   0x000000dc   Code   RO        10835    CL$$btod_e2e        c_w.l(btod.o)
    0x08001f26   0x08001f26   0x0000002a   Code   RO        10832    CL$$btod_ediv       c_w.l(btod.o)
    0x08001f50   0x08001f50   0x0000002a   Code   RO        10831    CL$$btod_emul       c_w.l(btod.o)
    0x08001f7a   0x08001f7a   0x00000244   Code   RO        10837    CL$$btod_mult_common  c_w.l(btod.o)
    0x080021be   0x080021be   0x00000002   PAD
    0x080021c0   0x080021c0   0x00000034   Code   RO         1983    i.APP_CAN_AcceptSequence  app_can.o
    0x080021f4   0x080021f4   0x00000026   Code   RO         1984    i.APP_CAN_AppendFrameCrc  app_can.o
    0x0800221a   0x0800221a   0x00000044   Code   RO         1985    i.APP_CAN_CalculateCrc16  app_can.o
    0x0800225e   0x0800225e   0x00000030   Code   RO         1986    i.APP_CAN_CheckFrameCrc  app_can.o
    0x0800228e   0x0800228e   0x00000002   PAD
    0x08002290   0x08002290   0x000000ec   Code   RO         1987    i.APP_CAN_CheckTimeout  app_can.o
    0x0800237c   0x0800237c   0x00000064   Code   RO         1989    i.APP_CAN_GetLatestCspCommand  app_can.o
    0x080023e0   0x080023e0   0x00000064   Code   RO         1990    i.APP_CAN_GetLatestHostHeartbeat  app_can.o
    0x08002444   0x08002444   0x0000000c   Code   RO         1993    i.APP_CAN_GetSafetyRequest  app_can.o
    0x08002450   0x08002450   0x00000178   Code   RO         1995    i.APP_CAN_Init      app_can.o
    0x080025c8   0x080025c8   0x0000000c   Code   RO         1996    i.APP_CAN_IsCommandTimedOut  app_can.o
    0x080025d4   0x080025d4   0x0000000c   Code   RO         1997    i.APP_CAN_IsHostOnline  app_can.o
    0x080025e0   0x080025e0   0x000000a0   Code   RO         1998    i.APP_CAN_PackAxisStatus  app_can.o
    0x08002680   0x08002680   0x00000046   Code   RO         1999    i.APP_CAN_PackDeviceHeartbeat  app_can.o
    0x080026c6   0x080026c6   0x0000006e   Code   RO         2000    i.APP_CAN_PackDiagnostic  app_can.o
    0x08002734   0x08002734   0x0000006e   Code   RO         2001    i.APP_CAN_PackPositionFeedback  app_can.o
    0x080027a2   0x080027a2   0x000000d6   Code   RO         2002    i.APP_CAN_PackTrajectoryStatus  app_can.o
    0x08002878   0x08002878   0x000001b8   Code   RO         2003    i.APP_CAN_ParseCspCommand  app_can.o
    0x08002a30   0x08002a30   0x00000128   Code   RO         2004    i.APP_CAN_ParseFrame  app_can.o
    0x08002b58   0x08002b58   0x00000064   Code   RO         2005    i.APP_CAN_ParseHostHeartbeat  app_can.o
    0x08002bbc   0x08002bbc   0x000000dc   Code   RO         2006    i.APP_CAN_ParseMotionControl  app_can.o
    0x08002c98   0x08002c98   0x00000098   Code   RO         2007    i.APP_CAN_ParseParameterRequest  app_can.o
    0x08002d30   0x08002d30   0x00000020   Code   RO         2008    i.APP_CAN_PrepareTxFrame  app_can.o
    0x08002d50   0x08002d50   0x00000038   Code   RO         2009    i.APP_CAN_ProcessRx  app_can.o
    0x08002d88   0x08002d88   0x000005a0   Code   RO         2010    i.APP_CAN_ProcessTx  app_can.o
    0x08003328   0x08003328   0x00000048   Code   RO         2011    i.APP_CAN_PublishCspCommand  app_can.o
    0x08003370   0x08003370   0x00000044   Code   RO         2012    i.APP_CAN_PublishHostHeartbeat  app_can.o
    0x080033b4   0x080033b4   0x00000040   Code   RO         2013    i.APP_CAN_PublishMotionControl  app_can.o
    0x080033f4   0x080033f4   0x00000048   Code   RO         2014    i.APP_CAN_PublishParameterRequest  app_can.o
    0x0800343c   0x0800343c   0x0000000c   Code   RO         2016    i.APP_CAN_ReadS32Le  app_can.o
    0x08003448   0x08003448   0x0000000c   Code   RO         2017    i.APP_CAN_ReadU16Le  app_can.o
    0x08003454   0x08003454   0x00000018   Code   RO         2018    i.APP_CAN_ReadU32Le  app_can.o
    0x0800346c   0x0800346c   0x0000004c   Code   RO         2019    i.APP_CAN_ResetStats  app_can.o
    0x080034b8   0x080034b8   0x0000003c   Code   RO         2020    i.APP_CAN_SendPreparedFrame  app_can.o
    0x080034f4   0x080034f4   0x0000003a   Code   RO         2021    i.APP_CAN_SlaveMaskToAxisMask  app_can.o
    0x0800352e   0x0800352e   0x00000008   Code   RO         2022    i.APP_CAN_WriteU16Le  app_can.o
    0x08003536   0x08003536   0x00000010   Code   RO         2023    i.APP_CAN_WriteU32Le  app_can.o
    0x08003546   0x08003546   0x00000002   PAD
    0x08003548   0x08003548   0x00000080   Code   RO          807    i.APP_UART_LOG_Init  app_uart_log.o
    0x080035c8   0x080035c8   0x000000b4   Code   RO          808    i.APP_UART_LOG_Process  app_uart_log.o
    0x0800367c   0x0800367c   0x00000030   Code   RO          809    i.APP_UART_LOG_TxCompleteFromIsr  app_uart_log.o
    0x080036ac   0x080036ac   0x00000030   Code   RO          810    i.APP_UART_LOG_TxErrorFromIsr  app_uart_log.o
    0x080036dc   0x080036dc   0x00000054   Code   RO          811    i.APP_UART_LOG_Write  app_uart_log.o
    0x08003730   0x08003730   0x000000b8   Code   RO         2452    i.BSP_CAN_Init      bsp_can.o
    0x080037e8   0x080037e8   0x00000030   Code   RO         2453    i.BSP_CAN_LengthToDlc  bsp_can.o
    0x08003818   0x08003818   0x00000088   Code   RO         2454    i.BSP_CAN_Process   bsp_can.o
    0x080038a0   0x080038a0   0x0000005c   Code   RO         2455    i.BSP_CAN_RecordHalError  bsp_can.o
    0x080038fc   0x080038fc   0x00000050   Code   RO         2456    i.BSP_CAN_ResetStats  bsp_can.o
    0x0800394c   0x0800394c   0x00000060   Code   RO         2457    i.BSP_CAN_RxQueuePushFromISR  bsp_can.o
    0x080039ac   0x080039ac   0x00000118   Code   RO         2458    i.BSP_CAN_Send      bsp_can.o
    0x08003ac4   0x08003ac4   0x00000084   Code   RO         2459    i.BSP_CAN_Start     bsp_can.o
    0x08003b48   0x08003b48   0x00000068   Code   RO         2461    i.BSP_CAN_TryReceive  bsp_can.o
    0x08003bb0   0x08003bb0   0x00000024   Code   RO         2565    i.BSP_KeyReadPressed  bsp_key.o
    0x08003bd4   0x08003bd4   0x00000044   Code   RO         2567    i.BSP_Key_Init      bsp_key.o
    0x08003c18   0x08003c18   0x00000074   Code   RO         2568    i.BSP_Key_Process2ms  bsp_key.o
    0x08003c8c   0x08003c8c   0x00000024   Code   RO         2362    i.BSP_SOEM_Timebase_DelayUs  bsp_soem_timebase.o
    0x08003cb0   0x08003cb0   0x00000020   Code   RO         2363    i.BSP_SOEM_Timebase_GetTim2ClockHz  bsp_soem_timebase.o
    0x08003cd0   0x08003cd0   0x00000040   Code   RO         2364    i.BSP_SOEM_Timebase_GetUs  bsp_soem_timebase.o
    0x08003d10   0x08003d10   0x00000090   Code   RO         2365    i.BSP_SOEM_Timebase_Init  bsp_soem_timebase.o
    0x08003da0   0x08003da0   0x00000004   Code   RO          592    i.BusFault_Handler  stm32h7xx_it.o
    0x08003da4   0x08003da4   0x00000010   Code   RO          593    i.DMA1_Stream0_IRQHandler  stm32h7xx_it.o
    0x08003db4   0x08003db4   0x000000ec   Code   RO         3488    i.DMA_CalcBaseAndBitshift  stm32h7xx_hal_dma.o
    0x08003ea0   0x08003ea0   0x000000c4   Code   RO         3489    i.DMA_CalcDMAMUXChannelBaseAndMask  stm32h7xx_hal_dma.o
    0x08003f64   0x08003f64   0x00000098   Code   RO         3490    i.DMA_CalcDMAMUXRequestGenBaseAndMask  stm32h7xx_hal_dma.o
    0x08003ffc   0x08003ffc   0x000000ae   Code   RO         3491    i.DMA_CheckFifoParam  stm32h7xx_hal_dma.o
    0x080040aa   0x080040aa   0x00000002   PAD
    0x080040ac   0x080040ac   0x00000274   Code   RO         3492    i.DMA_SetConfig     stm32h7xx_hal_dma.o
    0x08004320   0x08004320   0x00000002   Code   RO          594    i.DebugMon_Handler  stm32h7xx_it.o
    0x08004322   0x08004322   0x00000002   PAD
    0x08004324   0x08004324   0x00000080   Code   RO          919    i.ECAT_CloseContextWhenWorkerIdle  ecat.o
    0x080043a4   0x080043a4   0x0000004c   Code   RO          920    i.ECAT_CommitState  ecat.o
    0x080043f0   0x080043f0   0x000000f4   Code   RO         1178    i.ECAT_DiagCiA402StateText  ecat_diag.o
    0x080044e4   0x080044e4   0x000000cc   Code   RO         1179    i.ECAT_DiagPrintAxis2TxPdo  ecat_diag.o
    0x080045b0   0x080045b0   0x000000d0   Code   RO         1181    i.ECAT_DiagPrintInputsRaw  ecat_diag.o
    0x08004680   0x08004680   0x000000e0   Code   RO         1182    i.ECAT_DiagPrintMailbox  ecat_diag.o
    0x08004760   0x08004760   0x00000060   Code   RO         1184    i.ECAT_DiagPrintTxPdo  ecat_diag.o
    0x080047c0   0x080047c0   0x000000d0   Code   RO         1185    i.ECAT_DiagPrintTxPdoAxis1  ecat_diag.o
    0x08004890   0x08004890   0x000000a0   Code   RO         1186    i.ECAT_DiagProcessPhyMonitor  ecat_diag.o
    0x08004930   0x08004930   0x00000008   Code   RO         1187    i.ECAT_DiagReset    ecat_diag.o
    0x08004938   0x08004938   0x00000060   Code   RO          921    i.ECAT_EnterError   ecat.o
    0x08004998   0x08004998   0x00000134   Code   RO          922    i.ECAT_GetFeedbackSnapshot  ecat.o
    0x08004acc   0x08004acc   0x0000000c   Code   RO          923    i.ECAT_GetState     ecat.o
    0x08004ad8   0x08004ad8   0x00000128   Code   RO          924    i.ECAT_Init         ecat.o
    0x08004c00   0x08004c00   0x00000044   Code   RO         1246    i.ECAT_LogPrintf    ecat_log.o
    0x08004c44   0x08004c44   0x00000014   Code   RO         1247    i.ECAT_LogSectionLine  ecat_log.o
    0x08004c58   0x08004c58   0x00000022   Code   RO         1248    i.ECAT_LogWriteBlock  ecat_log.o
    0x08004c7a   0x08004c7a   0x00000002   PAD
    0x08004c7c   0x08004c7c   0x00000020   Code   RO          926    i.ECAT_PO2SOconfig  ecat.o
    0x08004c9c   0x08004c9c   0x000003fc   Code   RO         1392    i.ECAT_PdoConfigCheckCyclicMailboxPrerequisites  ecat_pdo_config.o
    0x08005098   0x08005098   0x0000006c   Code   RO         1393    i.ECAT_PdoConfigConfigurePo2So  ecat_pdo_config.o
    0x08005104   0x08005104   0x000001e4   Code   RO         1394    i.ECAT_PdoConfigEnableCyclicMailbox  ecat_pdo_config.o
    0x080052e8   0x080052e8   0x00000148   Code   RO         1395    i.ECAT_PdoConfigEvaluateMap  ecat_pdo_config.o
    0x08005430   0x08005430   0x00000130   Code   RO         1396    i.ECAT_PdoConfigMapGroup  ecat_pdo_config.o
    0x08005560   0x08005560   0x00000040   Code   RO         1397    i.ECAT_PdoConfigMapPassed  ecat_pdo_config.o
    0x080055a0   0x080055a0   0x000001fc   Code   RO         1398    i.ECAT_PdoConfigPrintLayout  ecat_pdo_config.o
    0x0800579c   0x0800579c   0x00000148   Code   RO         1400    i.ECAT_PdoConfigReadAssignment  ecat_pdo_config.o
    0x080058e4   0x080058e4   0x000000d8   Code   RO         1401    i.ECAT_PdoConfigRegisterPo2So  ecat_pdo_config.o
    0x080059bc   0x080059bc   0x0000001e   Code   RO         1402    i.ECAT_PdoConfigReset  ecat_pdo_config.o
    0x080059da   0x080059da   0x0000001e   Code   RO         1403    i.ECAT_PdoConfigResetPo2SoResult  ecat_pdo_config.o
    0x080059f8   0x080059f8   0x000000f4   Code   RO         1404    i.ECAT_PdoConfigResultReason  ecat_pdo_config.o
    0x08005aec   0x08005aec   0x000001b8   Code   RO         1405    i.ECAT_PdoConfigRunMap  ecat_pdo_config.o
    0x08005ca4   0x08005ca4   0x0000004e   Code   RO         1278    i.ECAT_PdoMapCacheMappingEntry  ecat_pdo_map.o
    0x08005cf2   0x08005cf2   0x00000002   PAD
    0x08005cf4   0x08005cf4   0x000001b4   Code   RO         1279    i.ECAT_PdoMapConfigurePo2So  ecat_pdo_map.o
    0x08005ea8   0x08005ea8   0x00000032   Code   RO         1280    i.ECAT_PdoMapDisableAssignments  ecat_pdo_map.o
    0x08005eda   0x08005eda   0x00000002   PAD
    0x08005edc   0x08005edc   0x0000012c   Code   RO         1281    i.ECAT_PdoMapLoad   ecat_pdo_map.o
    0x08006008   0x08006008   0x0000006c   Code   RO         1283    i.ECAT_PdoMapPrintEntry  ecat_pdo_map.o
    0x08006074   0x08006074   0x000001c4   Code   RO         1288    i.ECAT_PdoMapReadAssignObject  ecat_pdo_map.o
    0x08006238   0x08006238   0x000001f4   Code   RO         1289    i.ECAT_PdoMapReadMapping  ecat_pdo_map.o
    0x0800642c   0x0800642c   0x00000010   Code   RO         1290    i.ECAT_PdoMapReset  ecat_pdo_map.o
    0x0800643c   0x0800643c   0x0000000c   Code   RO         1291    i.ECAT_PdoMapResetPo2SoResult  ecat_pdo_map.o
    0x08006448   0x08006448   0x000000b4   Code   RO         1292    i.ECAT_PdoMapRewriteExplicitConfiguration  ecat_pdo_map.o
    0x080064fc   0x080064fc   0x000000ec   Code   RO         1293    i.ECAT_PdoMapVerifyAssignment  ecat_pdo_map.o
    0x080065e8   0x080065e8   0x000000f0   Code   RO         1294    i.ECAT_PdoMapVerifyExplicit  ecat_pdo_map.o
    0x080066d8   0x080066d8   0x00000104   Code   RO         1295    i.ECAT_PdoMapVerifyExplicitConfiguration  ecat_pdo_map.o
    0x080067dc   0x080067dc   0x00000078   Code   RO         1296    i.ECAT_PdoMapWriteAssignment  ecat_pdo_map.o
    0x08006854   0x08006854   0x000000bc   Code   RO         1297    i.ECAT_PdoMapWriteExplicit  ecat_pdo_map.o
    0x08006910   0x08006910   0x0000003c   Code   RO          927    i.ECAT_PrepareProbeFrame  ecat.o
    0x0800694c   0x0800694c   0x000001ec   Code   RO          928    i.ECAT_PrintProbeFrame  ecat.o
    0x08006b38   0x08006b38   0x00000088   Code   RO          929    i.ECAT_PrintProbeResult  ecat.o
    0x08006bc0   0x08006bc0   0x000000cc   Code   RO          930    i.ECAT_Process      ecat.o
    0x08006c8c   0x08006c8c   0x00000360   Code   RO          931    i.ECAT_ProcessRuntimeSdoWorker  ecat.o
    0x08006fec   0x08006fec   0x00000014   Code   RO          932    i.ECAT_ProcessTxPdoReport  ecat.o
    0x08007000   0x08007000   0x00000188   Code   RO          933    i.ECAT_ReadBasicSdoInfo  ecat.o
    0x08007188   0x08007188   0x0000006c   Code   RO          934    i.ECAT_ReadDeviceTypeSdo  ecat.o
    0x080071f4   0x080071f4   0x00000220   Code   RO          935    i.ECAT_ReadIdentitySdo  ecat.o
    0x08007414   0x08007414   0x000001a8   Code   RO          936    i.ECAT_ReadStateAndRequestPreOp  ecat.o
    0x080075bc   0x080075bc   0x00000028   Code   RO          937    i.ECAT_ReadTxEtherType  ecat.o
    0x080075e4   0x080075e4   0x00000010   Code   RO          938    i.ECAT_RequestEnableOperation  ecat.o
    0x080075f4   0x080075f4   0x0000000c   Code   RO          939    i.ECAT_ResetState   ecat.o
    0x08007600   0x08007600   0x00000104   Code   RO          940    i.ECAT_RunProbe     ecat.o
    0x08007704   0x08007704   0x000000a0   Code   RO         1480    i.ECAT_RuntimeAllManagedAxesMatch  ecat_runtime.o
    0x080077a4   0x080077a4   0x000001a8   Code   RO         1481    i.ECAT_RuntimeAllManagedAxesPassEnableCheck  ecat_runtime.o
    0x0800794c   0x0800794c   0x00000058   Code   RO         1482    i.ECAT_RuntimeAppendTxPdoReport  ecat_runtime.o
    0x080079a4   0x080079a4   0x00000120   Code   RO         1483    i.ECAT_RuntimeBrakeProcessSdo  ecat_runtime.o
    0x08007ac4   0x08007ac4   0x000000e0   Code   RO         1484    i.ECAT_RuntimeCaptureTxPdoSnapshots  ecat_runtime.o
    0x08007ba4   0x08007ba4   0x000000f0   Code   RO         1485    i.ECAT_RuntimeCheckPreOp  ecat_runtime.o
    0x08007c94   0x08007c94   0x000000f0   Code   RO         1486    i.ECAT_RuntimeDecodeSlaveTxPdo  ecat_runtime.o
    0x08007d84   0x08007d84   0x000000d6   Code   RO         1487    i.ECAT_RuntimeDispatchDriveState  ecat_runtime.o
    0x08007e5a   0x08007e5a   0x00000002   PAD
    0x08007e5c   0x08007e5c   0x000000ac   Code   RO         1488    i.ECAT_RuntimeEnterSafeOp  ecat_runtime.o
    0x08007f08   0x08007f08   0x00000134   Code   RO         1489    i.ECAT_RuntimeExchangeOperational  ecat_runtime.o
    0x0800803c   0x0800803c   0x0000004c   Code   RO         1490    i.ECAT_RuntimeExchangePdoCycle  ecat_runtime.o
    0x08008088   0x08008088   0x0000016c   Code   RO         1491    i.ECAT_RuntimeExchangeSafeOpPdo  ecat_runtime.o
    0x080081f4   0x080081f4   0x000000bc   Code   RO         1492    i.ECAT_RuntimeFallbackSafeOp  ecat_runtime.o
    0x080082b0   0x080082b0   0x00000012   Code   RO         1493    i.ECAT_RuntimeHandleAxis1BrakeRelease  ecat_runtime.o
    0x080082c2   0x080082c2   0x00000012   Code   RO         1494    i.ECAT_RuntimeHandleAxis2BrakeRelease  ecat_runtime.o
    0x080082d4   0x080082d4   0x00000600   Code   RO         1495    i.ECAT_RuntimeHandleBrakeRelease  ecat_runtime.o
    0x080088d4   0x080088d4   0x0000000e   Code   RO         1496    i.ECAT_RuntimeHandleFailed  ecat_runtime.o
    0x080088e2   0x080088e2   0x0000005c   Code   RO         1497    i.ECAT_RuntimeHandleOperationEnabled  ecat_runtime.o
    0x0800893e   0x0800893e   0x00000002   PAD
    0x08008940   0x08008940   0x00000130   Code   RO         1498    i.ECAT_RuntimeHandlePdoExchangeFailure  ecat_runtime.o
    0x08008a70   0x08008a70   0x00000054   Code   RO         1499    i.ECAT_RuntimeHandleReadyToSwitchOn  ecat_runtime.o
    0x08008ac4   0x08008ac4   0x00000054   Code   RO         1500    i.ECAT_RuntimeHandleRollbackToSwitchedOn  ecat_runtime.o
    0x08008b18   0x08008b18   0x00000006   Code   RO         1501    i.ECAT_RuntimeHandleRollbackZero  ecat_runtime.o
    0x08008b1e   0x08008b1e   0x00000080   Code   RO         1502    i.ECAT_RuntimeHandleSwitchedOn  ecat_runtime.o
    0x08008b9e   0x08008b9e   0x000002ea   Code   RO         1503    i.ECAT_RuntimeHandleTest  ecat_runtime.o
    0x08008e88   0x08008e88   0x0000003e   Code   RO         1504    i.ECAT_RuntimeHandleWaitDelay  ecat_runtime.o
    0x08008ec6   0x08008ec6   0x00000060   Code   RO         1505    i.ECAT_RuntimeHandleWaitOperationEnabled  ecat_runtime.o
    0x08008f26   0x08008f26   0x00000048   Code   RO         1506    i.ECAT_RuntimeHandleWaitReady  ecat_runtime.o
    0x08008f6e   0x08008f6e   0x00000048   Code   RO         1507    i.ECAT_RuntimeHandleWaitSwitchedOn  ecat_runtime.o
    0x08008fb6   0x08008fb6   0x00000070   Code   RO         1508    i.ECAT_RuntimeHandleWaitTargetStable  ecat_runtime.o
    0x08009026   0x08009026   0x00000002   PAD
    0x08009028   0x08009028   0x000000f0   Code   RO         1509    i.ECAT_RuntimePreloadSafeOutputs  ecat_runtime.o
    0x08009118   0x08009118   0x00000064   Code   RO         1510    i.ECAT_RuntimePrepareBrakeRollback  ecat_runtime.o
    0x0800917c   0x0800917c   0x000001bc   Code   RO         1511    i.ECAT_RuntimePrepareSafeRxPdo  ecat_runtime.o
    0x08009338   0x08009338   0x000002bc   Code   RO         1512    i.ECAT_RuntimeProcessTxPdoReport  ecat_runtime.o
    0x080095f4   0x080095f4   0x00000160   Code   RO         1513    i.ECAT_RuntimeReadAllStates  ecat_runtime.o
    0x08009754   0x08009754   0x0000018c   Code   RO         1514    i.ECAT_RuntimeRelatchAllManagedTargets  ecat_runtime.o
    0x080098e0   0x080098e0   0x00000040   Code   RO         1515    i.ECAT_RuntimeRequestEnableOperation  ecat_runtime.o
    0x08009920   0x08009920   0x000001c4   Code   RO         1516    i.ECAT_RuntimeRequestOp  ecat_runtime.o
    0x08009ae4   0x08009ae4   0x00000240   Code   RO         1517    i.ECAT_RuntimeRequestSafeOpState  ecat_runtime.o
    0x08009d24   0x08009d24   0x00000010   Code   RO         1518    i.ECAT_RuntimeReset  ecat_runtime.o
    0x08009d34   0x08009d34   0x0000003c   Code   RO         1519    i.ECAT_RuntimeResetAfterError  ecat_runtime.o
    0x08009d70   0x08009d70   0x000000dc   Code   RO         1520    i.ECAT_RuntimeResultReason  ecat_runtime.o
    0x08009e4c   0x08009e4c   0x0000001c   Code   RO         1521    i.ECAT_RuntimeRollbackToSwitchedOn  ecat_runtime.o
    0x08009e68   0x08009e68   0x0000001c   Code   RO         1522    i.ECAT_RuntimeRollbackToZero  ecat_runtime.o
    0x08009e84   0x08009e84   0x0000005c   Code   RO         1758    i.ECAT_RuntimeSdoRead  ecat_runtime_sdo.o
    0x08009ee0   0x08009ee0   0x00000058   Code   RO         1759    i.ECAT_RuntimeSdoWrite  ecat_runtime_sdo.o
    0x08009f38   0x08009f38   0x000000dc   Code   RO         1523    i.ECAT_RuntimeSetAllManagedControlwords  ecat_runtime.o
    0x0800a014   0x0800a014   0x0000007c   Code   RO         1524    i.ECAT_RuntimeSetBrakeAxisMode  ecat_runtime.o
    0x0800a090   0x0800a090   0x0000006c   Code   RO         1525    i.ECAT_RuntimeWaitForOpStable  ecat_runtime.o
    0x0800a0fc   0x0800a0fc   0x000000ac   Code   RO         1920    i.ECAT_SdoPdoReadU16  ecat_sdo.o
    0x0800a1a8   0x0800a1a8   0x000000ac   Code   RO         1921    i.ECAT_SdoPdoReadU32  ecat_sdo.o
    0x0800a254   0x0800a254   0x000000a0   Code   RO         1922    i.ECAT_SdoPdoReadU8  ecat_sdo.o
    0x0800a2f4   0x0800a2f4   0x00000090   Code   RO         1923    i.ECAT_SdoPdoWriteU16  ecat_sdo.o
    0x0800a384   0x0800a384   0x00000094   Code   RO         1924    i.ECAT_SdoPdoWriteU32  ecat_sdo.o
    0x0800a418   0x0800a418   0x00000090   Code   RO         1925    i.ECAT_SdoPdoWriteU8  ecat_sdo.o
    0x0800a4a8   0x0800a4a8   0x000000b8   Code   RO         1926    i.ECAT_SdoReadU16   ecat_sdo.o
    0x0800a560   0x0800a560   0x000000b8   Code   RO         1927    i.ECAT_SdoReadU32   ecat_sdo.o
    0x0800a618   0x0800a618   0x000000b8   Code   RO         1928    i.ECAT_SdoReadU8    ecat_sdo.o
    0x0800a6d0   0x0800a6d0   0x00000088   Code   RO          941    i.ECAT_ServiceCyclicMailbox  ecat.o
    0x0800a758   0x0800a758   0x000001c0   Code   RO          942    i.ECAT_StepDiscover  ecat.o
    0x0800a918   0x0800a918   0x00000034   Code   RO          943    i.ECAT_StepOpRequest  ecat.o
    0x0800a94c   0x0800a94c   0x0000007c   Code   RO          944    i.ECAT_StepOperational  ecat.o
    0x0800a9c8   0x0800a9c8   0x00000034   Code   RO          945    i.ECAT_StepPdoAssignment  ecat.o
    0x0800a9fc   0x0800a9fc   0x00000058   Code   RO          946    i.ECAT_StepPdoConfig  ecat.o
    0x0800aa54   0x0800aa54   0x000000f4   Code   RO          947    i.ECAT_StepProbe    ecat.o
    0x0800ab48   0x0800ab48   0x00000034   Code   RO          948    i.ECAT_StepSafeOp   ecat.o
    0x0800ab7c   0x0800ab7c   0x000000b0   Code   RO          949    i.ECAT_StepSoemInit  ecat.o
    0x0800ac2c   0x0800ac2c   0x000000b0   Code   RO          950    i.ECAT_Transition   ecat.o
    0x0800acdc   0x0800acdc   0x00000060   Code   RO         5105    i.ETH_DMARxDescListInit  stm32h7xx_hal_eth.o
    0x0800ad3c   0x0800ad3c   0x00000052   Code   RO         5106    i.ETH_DMATxDescListInit  stm32h7xx_hal_eth.o
    0x0800ad8e   0x0800ad8e   0x00000106   Code   RO         5107    i.ETH_MACDMAConfig  stm32h7xx_hal_eth.o
    0x0800ae94   0x0800ae94   0x000003ec   Code   RO         5108    i.ETH_Prepare_Tx_Descriptors  stm32h7xx_hal_eth.o
    0x0800b280   0x0800b280   0x00000034   Code   RO         2293    i.ETH_Raw_ConfigMacFilter  bsp_eth_raw.o
    0x0800b2b4   0x0800b2b4   0x0000000c   Code   RO         2295    i.ETH_Raw_GetMacAddress  bsp_eth_raw.o
    0x0800b2c0   0x0800b2c0   0x00000048   Code   RO         2296    i.ETH_Raw_Receive   bsp_eth_raw.o
    0x0800b308   0x0800b308   0x00000064   Code   RO         2297    i.ETH_Raw_Send      bsp_eth_raw.o
    0x0800b36c   0x0800b36c   0x00000048   Code   RO         2298    i.ETH_Raw_Start     bsp_eth_raw.o
    0x0800b3b4   0x0800b3b4   0x000000bc   Code   RO         5109    i.ETH_SetDMAConfig  stm32h7xx_hal_eth.o
    0x0800b470   0x0800b470   0x00000194   Code   RO         5110    i.ETH_SetMACConfig  stm32h7xx_hal_eth.o
    0x0800b604   0x0800b604   0x000000a6   Code   RO         5111    i.ETH_UpdateDescriptor  stm32h7xx_hal_eth.o
    0x0800b6aa   0x0800b6aa   0x00000006   Code   RO           13    i.Error_Handler     main.o
    0x0800b6b0   0x0800b6b0   0x00000010   Code   RO          595    i.FDCAN1_IT0_IRQHandler  stm32h7xx_it.o
    0x0800b6c0   0x0800b6c0   0x00000220   Code   RO         5590    i.FDCAN_CalcultateRamBlockAddresses  stm32h7xx_hal_fdcan.o
    0x0800b8e0   0x0800b8e0   0x000000d0   Code   RO         5591    i.FDCAN_CopyMessageToRAM  stm32h7xx_hal_fdcan.o
    0x0800b9b0   0x0800b9b0   0x000004dc   Code   RO         3493    i.HAL_DMA_Abort     stm32h7xx_hal_dma.o
    0x0800be8c   0x0800be8c   0x00000398   Code   RO         3494    i.HAL_DMA_Abort_IT  stm32h7xx_hal_dma.o
    0x0800c224   0x0800c224   0x00000006   Code   RO         3496    i.HAL_DMA_GetError  stm32h7xx_hal_dma.o
    0x0800c22a   0x0800c22a   0x00000002   PAD
    0x0800c22c   0x0800c22c   0x00000af8   Code   RO         3498    i.HAL_DMA_IRQHandler  stm32h7xx_hal_dma.o
    0x0800cd24   0x0800cd24   0x00000520   Code   RO         3499    i.HAL_DMA_Init      stm32h7xx_hal_dma.o
    0x0800d244   0x0800d244   0x000003e0   Code   RO         3503    i.HAL_DMA_Start_IT  stm32h7xx_hal_dma.o
    0x0800d624   0x0800d624   0x00000190   Code   RO         5127    i.HAL_ETH_Init      stm32h7xx_hal_eth.o
    0x0800d7b4   0x0800d7b4   0x00000124   Code   RO          351    i.HAL_ETH_MspInit   eth.o
    0x0800d8d8   0x0800d8d8   0x000000fc   Code   RO         5131    i.HAL_ETH_ReadData  stm32h7xx_hal_eth.o
    0x0800d9d4   0x0800d9d4   0x00000078   Code   RO         5132    i.HAL_ETH_ReadPHYRegister  stm32h7xx_hal_eth.o
    0x0800da4c   0x0800da4c   0x00000034   Code   RO         2299    i.HAL_ETH_RxAllocateCallback  bsp_eth_raw.o
    0x0800da80   0x0800da80   0x0000000c   Code   RO         2300    i.HAL_ETH_RxLinkCallback  bsp_eth_raw.o
    0x0800da8c   0x0800da8c   0x00000068   Code   RO         5143    i.HAL_ETH_SetMACFilterConfig  stm32h7xx_hal_eth.o
    0x0800daf4   0x0800daf4   0x0000006c   Code   RO         5144    i.HAL_ETH_SetMDIOClockRange  stm32h7xx_hal_eth.o
    0x0800db60   0x0800db60   0x0000009a   Code   RO         5148    i.HAL_ETH_Start     stm32h7xx_hal_eth.o
    0x0800dbfa   0x0800dbfa   0x000000f6   Code   RO         5152    i.HAL_ETH_Transmit  stm32h7xx_hal_eth.o
    0x0800dcf0   0x0800dcf0   0x00000080   Code   RO         5160    i.HAL_ETH_WritePHYRegister  stm32h7xx_hal_eth.o
    0x0800dd70   0x0800dd70   0x000000a8   Code   RO         5593    i.HAL_FDCAN_ActivateNotification  stm32h7xx_hal_fdcan.o
    0x0800de18   0x0800de18   0x00000090   Code   RO         5595    i.HAL_FDCAN_AddMessageToTxFifoQ  stm32h7xx_hal_fdcan.o
    0x0800dea8   0x0800dea8   0x00000002   Code   RO         5596    i.HAL_FDCAN_ClockCalibrationCallback  stm32h7xx_hal_fdcan.o
    0x0800deaa   0x0800deaa   0x000000a8   Code   RO         5600    i.HAL_FDCAN_ConfigFilter  stm32h7xx_hal_fdcan.o
    0x0800df52   0x0800df52   0x00000034   Code   RO         5601    i.HAL_FDCAN_ConfigGlobalFilter  stm32h7xx_hal_fdcan.o
    0x0800df86   0x0800df86   0x00000028   Code   RO         5607    i.HAL_FDCAN_ConfigTxDelayCompensation  stm32h7xx_hal_fdcan.o
    0x0800dfae   0x0800dfae   0x0000002a   Code   RO         5620    i.HAL_FDCAN_EnableTxDelayCompensation  stm32h7xx_hal_fdcan.o
    0x0800dfd8   0x0800dfd8   0x00000018   Code   RO         2462    i.HAL_FDCAN_ErrorCallback  bsp_can.o
    0x0800dff0   0x0800dff0   0x00000078   Code   RO         2463    i.HAL_FDCAN_ErrorStatusCallback  bsp_can.o
    0x0800e068   0x0800e068   0x00000008   Code   RO         5628    i.HAL_FDCAN_GetError  stm32h7xx_hal_fdcan.o
    0x0800e070   0x0800e070   0x0000004c   Code   RO         5632    i.HAL_FDCAN_GetProtocolStatus  stm32h7xx_hal_fdcan.o
    0x0800e0bc   0x0800e0bc   0x0000001e   Code   RO         5633    i.HAL_FDCAN_GetRxFifoFillLevel  stm32h7xx_hal_fdcan.o
    0x0800e0da   0x0800e0da   0x00000002   PAD
    0x0800e0dc   0x0800e0dc   0x000001f4   Code   RO         5634    i.HAL_FDCAN_GetRxMessage  stm32h7xx_hal_fdcan.o
    0x0800e2d0   0x0800e2d0   0x0000000e   Code   RO         5639    i.HAL_FDCAN_GetTxFifoFreeLevel  stm32h7xx_hal_fdcan.o
    0x0800e2de   0x0800e2de   0x00000002   Code   RO         5640    i.HAL_FDCAN_HighPriorityMessageCallback  stm32h7xx_hal_fdcan.o
    0x0800e2e0   0x0800e2e0   0x000003d4   Code   RO         5641    i.HAL_FDCAN_IRQHandler  stm32h7xx_hal_fdcan.o
    0x0800e6b4   0x0800e6b4   0x000002e0   Code   RO         5642    i.HAL_FDCAN_Init    stm32h7xx_hal_fdcan.o
    0x0800e994   0x0800e994   0x0000010c   Code   RO          396    i.HAL_FDCAN_MspInit  fdcan.o
    0x0800eaa0   0x0800eaa0   0x00000002   Code   RO         5651    i.HAL_FDCAN_RxBufferNewMessageCallback  stm32h7xx_hal_fdcan.o
    0x0800eaa2   0x0800eaa2   0x00000002   PAD
    0x0800eaa4   0x0800eaa4   0x000000e0   Code   RO         2464    i.HAL_FDCAN_RxFifo0Callback  bsp_can.o
    0x0800eb84   0x0800eb84   0x00000002   Code   RO         5653    i.HAL_FDCAN_RxFifo1Callback  stm32h7xx_hal_fdcan.o
    0x0800eb86   0x0800eb86   0x00000034   Code   RO         5654    i.HAL_FDCAN_Start   stm32h7xx_hal_fdcan.o
    0x0800ebba   0x0800ebba   0x000000a2   Code   RO         5655    i.HAL_FDCAN_Stop    stm32h7xx_hal_fdcan.o
    0x0800ec5c   0x0800ec5c   0x00000002   Code   RO         5676    i.HAL_FDCAN_TT_GlobalTimeCallback  stm32h7xx_hal_fdcan.o
    0x0800ec5e   0x0800ec5e   0x00000002   Code   RO         5677    i.HAL_FDCAN_TT_ScheduleSyncCallback  stm32h7xx_hal_fdcan.o
    0x0800ec60   0x0800ec60   0x00000002   Code   RO         5682    i.HAL_FDCAN_TT_StopWatchCallback  stm32h7xx_hal_fdcan.o
    0x0800ec62   0x0800ec62   0x00000002   Code   RO         5683    i.HAL_FDCAN_TT_TimeMarkCallback  stm32h7xx_hal_fdcan.o
    0x0800ec64   0x0800ec64   0x00000002   Code   RO         5684    i.HAL_FDCAN_TimeoutOccurredCallback  stm32h7xx_hal_fdcan.o
    0x0800ec66   0x0800ec66   0x00000002   Code   RO         5685    i.HAL_FDCAN_TimestampWraparoundCallback  stm32h7xx_hal_fdcan.o
    0x0800ec68   0x0800ec68   0x00000002   Code   RO         5686    i.HAL_FDCAN_TxBufferAbortCallback  stm32h7xx_hal_fdcan.o
    0x0800ec6a   0x0800ec6a   0x00000002   PAD
    0x0800ec6c   0x0800ec6c   0x00000030   Code   RO         2465    i.HAL_FDCAN_TxBufferCompleteCallback  bsp_can.o
    0x0800ec9c   0x0800ec9c   0x00000002   Code   RO         5688    i.HAL_FDCAN_TxEventFifoCallback  stm32h7xx_hal_fdcan.o
    0x0800ec9e   0x0800ec9e   0x00000002   Code   RO         5689    i.HAL_FDCAN_TxFifoEmptyCallback  stm32h7xx_hal_fdcan.o
    0x0800eca0   0x0800eca0   0x000001fc   Code   RO         3341    i.HAL_GPIO_Init     stm32h7xx_hal_gpio.o
    0x0800ee9c   0x0800ee9c   0x00000010   Code   RO         3343    i.HAL_GPIO_ReadPin  stm32h7xx_hal_gpio.o
    0x0800eeac   0x0800eeac   0x0000000c   Code   RO         3345    i.HAL_GPIO_WritePin  stm32h7xx_hal_gpio.o
    0x0800eeb8   0x0800eeb8   0x0000000c   Code   RO         4213    i.HAL_GetREVID      stm32h7xx_hal.o
    0x0800eec4   0x0800eec4   0x0000000c   Code   RO         4214    i.HAL_GetTick       stm32h7xx_hal.o
    0x0800eed0   0x0800eed0   0x00000018   Code   RO         4220    i.HAL_IncTick       stm32h7xx_hal.o
    0x0800eee8   0x0800eee8   0x00000060   Code   RO         4221    i.HAL_Init          stm32h7xx_hal.o
    0x0800ef48   0x0800ef48   0x000000a0   Code   RO          702    i.HAL_InitTick      stm32h7xx_hal_timebase_tim.o
    0x0800efe8   0x0800efe8   0x00000030   Code   RO          678    i.HAL_MspInit       stm32h7xx_hal_msp.o
    0x0800f018   0x0800f018   0x00000044   Code   RO         2625    i.HAL_NVIC_DisableIRQ  stm32h7xx_hal_cortex.o
    0x0800f05c   0x0800f05c   0x00000028   Code   RO         2626    i.HAL_NVIC_EnableIRQ  stm32h7xx_hal_cortex.o
    0x0800f084   0x0800f084   0x0000007a   Code   RO         2632    i.HAL_NVIC_SetPriority  stm32h7xx_hal_cortex.o
    0x0800f0fe   0x0800f0fe   0x00000002   PAD
    0x0800f100   0x0800f100   0x00000028   Code   RO         2633    i.HAL_NVIC_SetPriorityGrouping  stm32h7xx_hal_cortex.o
    0x0800f128   0x0800f128   0x00000060   Code   RO         3942    i.HAL_PWREx_ConfigSupply  stm32h7xx_hal_pwr_ex.o
    0x0800f188   0x0800f188   0x00000024   Code   RO         2892    i.HAL_RCCEx_GetD3PCLK1Freq  stm32h7xx_hal_rcc_ex.o
    0x0800f1ac   0x0800f1ac   0x00000230   Code   RO         2894    i.HAL_RCCEx_GetPLL2ClockFreq  stm32h7xx_hal_rcc_ex.o
    0x0800f3dc   0x0800f3dc   0x00000230   Code   RO         2895    i.HAL_RCCEx_GetPLL3ClockFreq  stm32h7xx_hal_rcc_ex.o
    0x0800f60c   0x0800f60c   0x00000d68   Code   RO         2901    i.HAL_RCCEx_PeriphCLKConfig  stm32h7xx_hal_rcc_ex.o
    0x08010374   0x08010374   0x00000320   Code   RO         2777    i.HAL_RCC_ClockConfig  stm32h7xx_hal_rcc.o
    0x08010694   0x08010694   0x0000006c   Code   RO         2781    i.HAL_RCC_GetClockConfig  stm32h7xx_hal_rcc.o
    0x08010700   0x08010700   0x0000004c   Code   RO         2782    i.HAL_RCC_GetHCLKFreq  stm32h7xx_hal_rcc.o
    0x0801074c   0x0801074c   0x00000024   Code   RO         2784    i.HAL_RCC_GetPCLK1Freq  stm32h7xx_hal_rcc.o
    0x08010770   0x08010770   0x00000024   Code   RO         2785    i.HAL_RCC_GetPCLK2Freq  stm32h7xx_hal_rcc.o
    0x08010794   0x08010794   0x0000022c   Code   RO         2786    i.HAL_RCC_GetSysClockFreq  stm32h7xx_hal_rcc.o
    0x080109c0   0x080109c0   0x00000858   Code   RO         2789    i.HAL_RCC_OscConfig  stm32h7xx_hal_rcc.o
    0x08011218   0x08011218   0x00000014   Code   RO         4233    i.HAL_SYSCFG_ETHInterfaceSelect  stm32h7xx_hal.o
    0x0801122c   0x0801122c   0x00000002   Code   RO         6935    i.HAL_TIMEx_Break2Callback  stm32h7xx_hal_tim_ex.o
    0x0801122e   0x0801122e   0x00000002   Code   RO         6936    i.HAL_TIMEx_BreakCallback  stm32h7xx_hal_tim_ex.o
    0x08011230   0x08011230   0x00000002   Code   RO         6937    i.HAL_TIMEx_CommutCallback  stm32h7xx_hal_tim_ex.o
    0x08011232   0x08011232   0x0000006e   Code   RO         6210    i.HAL_TIM_Base_Init  stm32h7xx_hal_tim.o
    0x080112a0   0x080112a0   0x00000002   Code   RO         6212    i.HAL_TIM_Base_MspInit  stm32h7xx_hal_tim.o
    0x080112a2   0x080112a2   0x00000002   PAD
    0x080112a4   0x080112a4   0x000000b4   Code   RO         6215    i.HAL_TIM_Base_Start_IT  stm32h7xx_hal_tim.o
    0x08011358   0x08011358   0x00000002   Code   RO         6244    i.HAL_TIM_IC_CaptureCallback  stm32h7xx_hal_tim.o
    0x0801135a   0x0801135a   0x00000198   Code   RO         6258    i.HAL_TIM_IRQHandler  stm32h7xx_hal_tim.o
    0x080114f2   0x080114f2   0x00000002   Code   RO         6261    i.HAL_TIM_OC_DelayElapsedCallback  stm32h7xx_hal_tim.o
    0x080114f4   0x080114f4   0x00000002   Code   RO         6288    i.HAL_TIM_PWM_PulseFinishedCallback  stm32h7xx_hal_tim.o
    0x080114f6   0x080114f6   0x00000002   PAD
    0x080114f8   0x080114f8   0x00000018   Code   RO           14    i.HAL_TIM_PeriodElapsedCallback  main.o
    0x08011510   0x08011510   0x00000002   Code   RO         6301    i.HAL_TIM_TriggerCallback  stm32h7xx_hal_tim.o
    0x08011512   0x08011512   0x0000004e   Code   RO         7651    i.HAL_UARTEx_DisableFifoMode  stm32h7xx_hal_uart_ex.o
    0x08011560   0x08011560   0x00000002   Code   RO         7235    i.HAL_UARTEx_RxEventCallback  stm32h7xx_hal_uart.o
    0x08011562   0x08011562   0x00000002   Code   RO         7659    i.HAL_UARTEx_RxFifoFullCallback  stm32h7xx_hal_uart_ex.o
    0x08011564   0x08011564   0x0000005e   Code   RO         7660    i.HAL_UARTEx_SetRxFifoThreshold  stm32h7xx_hal_uart_ex.o
    0x080115c2   0x080115c2   0x0000005e   Code   RO         7661    i.HAL_UARTEx_SetTxFifoThreshold  stm32h7xx_hal_uart_ex.o
    0x08011620   0x08011620   0x00000002   Code   RO         7663    i.HAL_UARTEx_TxFifoEmptyCallback  stm32h7xx_hal_uart_ex.o
    0x08011622   0x08011622   0x00000002   Code   RO         7664    i.HAL_UARTEx_WakeupCallback  stm32h7xx_hal_uart_ex.o
    0x08011624   0x08011624   0x000000b0   Code   RO         7241    i.HAL_UART_AbortTransmit  stm32h7xx_hal_uart.o
    0x080116d4   0x080116d4   0x00000014   Code   RO          812    i.HAL_UART_ErrorCallback  app_uart_log.o
    0x080116e8   0x080116e8   0x00000494   Code   RO         7254    i.HAL_UART_IRQHandler  stm32h7xx_hal_uart.o
    0x08011b7c   0x08011b7c   0x00000078   Code   RO         7255    i.HAL_UART_Init     stm32h7xx_hal_uart.o
    0x08011bf4   0x08011bf4   0x0000011c   Code   RO          438    i.HAL_UART_MspInit  usart.o
    0x08011d10   0x08011d10   0x000000a0   Code   RO         7265    i.HAL_UART_Transmit_DMA  stm32h7xx_hal_uart.o
    0x08011db0   0x08011db0   0x00000014   Code   RO          813    i.HAL_UART_TxCpltCallback  app_uart_log.o
    0x08011dc4   0x08011dc4   0x00000002   Code   RO         7268    i.HAL_UART_TxHalfCpltCallback  stm32h7xx_hal_uart.o
    0x08011dc6   0x08011dc6   0x00000004   Code   RO          596    i.HardFault_Handler  stm32h7xx_it.o
    0x08011dca   0x08011dca   0x00000002   PAD
    0x08011dcc   0x08011dcc   0x00000038   Code   RO         2239    i.LAN8720_IsLinkUp  bsp_lan8720.o
    0x08011e04   0x08011e04   0x0000002c   Code   RO         2240    i.LAN8720_ReadBSR   bsp_lan8720.o
    0x08011e30   0x08011e30   0x0000007c   Code   RO         2241    i.LAN8720_ReadID    bsp_lan8720.o
    0x08011eac   0x08011eac   0x000000d0   Code   RO         2243    i.LAN8720_SetModeAndSoftReset  bsp_lan8720.o
    0x08011f7c   0x08011f7c   0x00000074   Code   RO          352    i.MX_ETH_Init       eth.o
    0x08011ff0   0x08011ff0   0x00000088   Code   RO          397    i.MX_FDCAN1_Init    fdcan.o
    0x08012078   0x08012078   0x00000090   Code   RO          279    i.MX_FREERTOS_Init  freertos.o
    0x08012108   0x08012108   0x00000120   Code   RO          255    i.MX_GPIO_Init      gpio.o
    0x08012228   0x08012228   0x0000006c   Code   RO          439    i.MX_UART8_Init     usart.o
    0x08012294   0x08012294   0x00000004   Code   RO          597    i.MemManage_Handler  stm32h7xx_it.o
    0x08012298   0x08012298   0x00000004   Code   RO          598    i.NMI_Handler       stm32h7xx_it.o
    0x0801229c   0x0801229c   0x00000164   Code   RO         2904    i.RCCEx_PLL2_Config  stm32h7xx_hal_rcc_ex.o
    0x08012400   0x08012400   0x00000164   Code   RO         2905    i.RCCEx_PLL3_Config  stm32h7xx_hal_rcc_ex.o
    0x08012564   0x08012564   0x00000018   Code   RO         1777    i.ROBOT_JOINT_GetConfig  robot_joint.o
    0x0801257c   0x0801257c   0x00000018   Code   RO         1813    i.ROBOT_TrajectoryClearStagedLocked  robot_trajectory.o
    0x08012594   0x08012594   0x00000088   Code   RO         1814    i.ROBOT_TrajectoryConfirmExecution  robot_trajectory.o
    0x0801261c   0x0801261c   0x00000128   Code   RO         1815    i.ROBOT_TrajectoryGetSnapshot  robot_trajectory.o
    0x08012744   0x08012744   0x0000001c   Code   RO         1816    i.ROBOT_TrajectoryInit  robot_trajectory.o
    0x08012760   0x08012760   0x00000038   Code   RO         1817    i.ROBOT_TrajectoryIsHold  robot_trajectory.o
    0x08012798   0x08012798   0x0000014c   Code   RO         1818    i.ROBOT_TrajectoryPush  robot_trajectory.o
    0x080128e4   0x080128e4   0x00000048   Code   RO         1819    i.ROBOT_TrajectoryRecordReceived  robot_trajectory.o
    0x0801292c   0x0801292c   0x0000006c   Code   RO         1820    i.ROBOT_TrajectoryRecordRejected  robot_trajectory.o
    0x08012998   0x08012998   0x00000054   Code   RO         1822    i.ROBOT_TrajectoryRequireResetWithReason  robot_trajectory.o
    0x080129ec   0x080129ec   0x000000b8   Code   RO         1823    i.ROBOT_TrajectoryResetAndPush  robot_trajectory.o
    0x08012aa4   0x08012aa4   0x00000078   Code   RO         1824    i.ROBOT_TrajectoryStageExecution  robot_trajectory.o
    0x08012b1c   0x08012b1c   0x0000015c   Code   RO         1825    i.ROBOT_TrajectoryTake  robot_trajectory.o
    0x08012c78   0x08012c78   0x00000064   Code   RO          280    i.StartCanServiceTask  freertos.o
    0x08012cdc   0x08012cdc   0x00000088   Code   RO          281    i.StartDefaultTask  freertos.o
    0x08012d64   0x08012d64   0x0000000e   Code   RO          282    i.StartSdoWorkerTask  freertos.o
    0x08012d72   0x08012d72   0x0000000e   Code   RO          283    i.StartTxPdoReportTask  freertos.o
    0x08012d80   0x08012d80   0x00000008   Code   RO          284    i.StartUartLogTask  freertos.o
    0x08012d88   0x08012d88   0x00000016   Code   RO         8955    i.SysTick_Handler   cmsis_os2.o
    0x08012d9e   0x08012d9e   0x00000002   PAD
    0x08012da0   0x08012da0   0x000000d4   Code   RO           15    i.SystemClock_Config  main.o
    0x08012e74   0x08012e74   0x000000fc   Code   RO         7775    i.SystemInit        system_stm32h7xx.o
    0x08012f70   0x08012f70   0x0000002c   Code   RO         2366    i.TIM2_IRQHandler   bsp_soem_timebase.o
    0x08012f9c   0x08012f9c   0x00000010   Code   RO          599    i.TIM6_DAC_IRQHandler  stm32h7xx_it.o
    0x08012fac   0x08012fac   0x000000dc   Code   RO         6303    i.TIM_Base_SetConfig  stm32h7xx_hal_tim.o
    0x08013088   0x08013088   0x00000010   Code   RO          600    i.UART8_IRQHandler  stm32h7xx_it.o
    0x08013098   0x08013098   0x00000058   Code   RO         7665    i.UARTEx_SetNbDataToProcess  stm32h7xx_hal_uart_ex.o
    0x080130f0   0x080130f0   0x000000f8   Code   RO         7269    i.UART_AdvFeatureConfig  stm32h7xx_hal_uart.o
    0x080131e8   0x080131e8   0x000000ea   Code   RO         7270    i.UART_CheckIdleState  stm32h7xx_hal_uart.o
    0x080132d2   0x080132d2   0x00000018   Code   RO         7271    i.UART_DMAAbortOnError  stm32h7xx_hal_uart.o
    0x080132ea   0x080132ea   0x0000005e   Code   RO         7272    i.UART_DMAError     stm32h7xx_hal_uart.o
    0x08013348   0x08013348   0x00000054   Code   RO         7277    i.UART_DMATransmitCplt  stm32h7xx_hal_uart.o
    0x0801339c   0x0801339c   0x0000000e   Code   RO         7279    i.UART_DMATxHalfCplt  stm32h7xx_hal_uart.o
    0x080133aa   0x080133aa   0x00000002   PAD
    0x080133ac   0x080133ac   0x0000006c   Code   RO         7281    i.UART_EndRxTransfer  stm32h7xx_hal_uart.o
    0x08013418   0x08013418   0x00000030   Code   RO         7282    i.UART_EndTransmit_IT  stm32h7xx_hal_uart.o
    0x08013448   0x08013448   0x00000040   Code   RO         7283    i.UART_EndTxTransfer  stm32h7xx_hal_uart.o
    0x08013488   0x08013488   0x0000058c   Code   RO         7288    i.UART_SetConfig    stm32h7xx_hal_uart.o
    0x08013a14   0x08013a14   0x000000ac   Code   RO         7295    i.UART_WaitOnFlagUntilTimeout  stm32h7xx_hal_uart.o
    0x08013ac0   0x08013ac0   0x00000004   Code   RO          601    i.UsageFault_Handler  stm32h7xx_it.o
    0x08013ac4   0x08013ac4   0x00000030   Code   RO        10857    i.__ARM_fpclassify  m_wv.l(fpclassify.o)
    0x08013af4   0x08013af4   0x00000010   Code   RO         2639    i.__NVIC_GetPriorityGrouping  stm32h7xx_hal_cortex.o
    0x08013b04   0x08013b04   0x00000028   Code   RO         2640    i.__NVIC_SetPriority  stm32h7xx_hal_cortex.o
    0x08013b2c   0x08013b2c   0x00000006   Code   RO         8957    i.__get_IPSR        cmsis_os2.o
    0x08013b32   0x08013b32   0x00000006   Code   RO          951    i.__get_PRIMASK     ecat.o
    0x08013b38   0x08013b38   0x00000006   Code   RO         1526    i.__get_PRIMASK     ecat_runtime.o
    0x08013b3e   0x08013b3e   0x00000006   Code   RO         1826    i.__get_PRIMASK     robot_trajectory.o
    0x08013b44   0x08013b44   0x00000006   Code   RO         2024    i.__get_PRIMASK     app_can.o
    0x08013b4a   0x08013b4a   0x00000006   Code   RO         1827    i.__set_PRIMASK     robot_trajectory.o
    0x08013b50   0x08013b50   0x00000006   Code   RO         2025    i.__set_PRIMASK     app_can.o
    0x08013b56   0x08013b56   0x0000000e   Code   RO        10691    i._is_digit         c_w.l(__printf_wp.o)
    0x08013b64   0x08013b64   0x00000012   Code   RO         9992    i.ec_clearmbx       ec_main.o
    0x08013b76   0x08013b76   0x0000000c   Code   RO         9995    i.ec_nextmbxcnt     ec_main.o
    0x08013b82   0x08013b82   0x00000076   Code   RO         9617    i.ecx_APRD          ec_base.o
    0x08013bf8   0x08013bf8   0x00000026   Code   RO         9618    i.ecx_APRDw         ec_base.o
    0x08013c1e   0x08013c1e   0x00000050   Code   RO         9619    i.ecx_APWR          ec_base.o
    0x08013c6e   0x08013c6e   0x00000022   Code   RO         9620    i.ecx_APWRw         ec_base.o
    0x08013c90   0x08013c90   0x00000076   Code   RO         9622    i.ecx_BRD           ec_base.o
    0x08013d06   0x08013d06   0x00000050   Code   RO         9623    i.ecx_BWR           ec_base.o
    0x08013d56   0x08013d56   0x00000076   Code   RO         9624    i.ecx_FPRD          ec_base.o
    0x08013dcc   0x08013dcc   0x0000012a   Code   RO         9996    i.ecx_FPRD_multi    ec_main.o
    0x08013ef6   0x08013ef6   0x00000026   Code   RO         9625    i.ecx_FPRDw         ec_base.o
    0x08013f1c   0x08013f1c   0x00000050   Code   RO         9626    i.ecx_FPWR          ec_base.o
    0x08013f6c   0x08013f6c   0x00000022   Code   RO         9627    i.ecx_FPWRw         ec_base.o
    0x08013f8e   0x08013f8e   0x00000002   PAD
    0x08013f90   0x08013f90   0x0000005c   Code   RO         9741    i.ecx_SDOerror      ec_coe.o
    0x08013fec   0x08013fec   0x0000045c   Code   RO         9743    i.ecx_SDOread       ec_coe.o
    0x08014448   0x08014448   0x00000424   Code   RO         9744    i.ecx_SDOwrite      ec_coe.o
    0x0801486c   0x0801486c   0x0000008e   Code   RO         9633    i.ecx_adddatagram   ec_base.o
    0x080148fa   0x080148fa   0x00000002   PAD
    0x080148fc   0x080148fc   0x00000010   Code   RO        10516    i.ecx_clear_rxdebug  nicdrv.o
    0x0801490c   0x0801490c   0x00000014   Code   RO         9997    i.ecx_clearindex    ec_main.o
    0x08014920   0x08014920   0x0000006c   Code   RO         9998    i.ecx_clearmbxstatus  ec_main.o
    0x0801498c   0x0801498c   0x00000068   Code   RO         9999    i.ecx_close         ec_main.o
    0x080149f4   0x080149f4   0x00000034   Code   RO        10517    i.ecx_closenic      nicdrv.o
    0x08014a28   0x08014a28   0x0000058c   Code   RO         9837    i.ecx_config_create_input_mappings  ec_config.o
    0x08014fb4   0x08014fb4   0x00000268   Code   RO         9838    i.ecx_config_create_mbxstatus_mappings  ec_config.o
    0x0801521c   0x0801521c   0x00000554   Code   RO         9839    i.ecx_config_create_output_mappings  ec_config.o
    0x08015770   0x08015770   0x000000b8   Code   RO         9840    i.ecx_config_find_mappings  ec_config.o
    0x08015828   0x08015828   0x00000c10   Code   RO         9841    i.ecx_config_init   ec_config.o
    0x08016438   0x08016438   0x0000002c   Code   RO         9842    i.ecx_config_map_group  ec_config.o
    0x08016464   0x08016464   0x0000074c   Code   RO         9843    i.ecx_config_overlap_map_group  ec_config.o
    0x08016bb0   0x08016bb0   0x0000008c   Code   RO         9844    i.ecx_detect_slaves  ec_config.o
    0x08016c3c   0x08016c3c   0x00000060   Code   RO        10000    i.ecx_dropmbx       ec_main.o
    0x08016c9c   0x08016c9c   0x000000b8   Code   RO        10001    i.ecx_eeprom2master  ec_main.o
    0x08016d54   0x08016d54   0x00000086   Code   RO        10002    i.ecx_eeprom2pdi    ec_main.o
    0x08016dda   0x08016dda   0x0000007a   Code   RO        10004    i.ecx_eeprom_waitnotbusyFP  ec_main.o
    0x08016e54   0x08016e54   0x0000001c   Code   RO         9845    i.ecx_get_threadcount  ec_config.o
    0x08016e70   0x08016e70   0x00000048   Code   RO        10519    i.ecx_getindex      nicdrv.o
    0x08016eb8   0x08016eb8   0x00000054   Code   RO        10006    i.ecx_getmbx        ec_main.o
    0x08016f0c   0x08016f0c   0x00000040   Code   RO        10007    i.ecx_init          ec_main.o
    0x08016f4c   0x08016f4c   0x000000cc   Code   RO         9846    i.ecx_init_context  ec_config.o
    0x08017018   0x08017018   0x00000040   Code   RO        10009    i.ecx_initmbxpool   ec_main.o
    0x08017058   0x08017058   0x00000058   Code   RO        10010    i.ecx_initmbxqueue  ec_main.o
    0x080170b0   0x080170b0   0x00000178   Code   RO         9847    i.ecx_lookup_mapping  ec_config.o
    0x08017228   0x08017228   0x00000394   Code   RO         9848    i.ecx_lookup_prev_sii  ec_config.o
    0x080175bc   0x080175bc   0x00000820   Code   RO         9849    i.ecx_main_config_map_group  ec_config.o
    0x08017ddc   0x08017ddc   0x00000160   Code   RO         9850    i.ecx_map_coe_soe   ec_config.o
    0x08017f3c   0x08017f3c   0x0000017e   Code   RO         9851    i.ecx_map_sii       ec_config.o
    0x080180ba   0x080180ba   0x0000025a   Code   RO         9852    i.ecx_map_sm        ec_config.o
    0x08018314   0x08018314   0x00000154   Code   RO        10012    i.ecx_mbxENIinitcmds  ec_main.o
    0x08018468   0x08018468   0x000000b8   Code   RO        10013    i.ecx_mbxaddqueue   ec_main.o
    0x08018520   0x08018520   0x00000090   Code   RO        10014    i.ecx_mbxdonequeue  ec_main.o
    0x080185b0   0x080185b0   0x00000074   Code   RO        10015    i.ecx_mbxdropqueue  ec_main.o
    0x08018624   0x08018624   0x00000066   Code   RO        10016    i.ecx_mbxemergencyerror  ec_main.o
    0x0801868a   0x0801868a   0x00000096   Code   RO        10017    i.ecx_mbxempty      ec_main.o
    0x08018720   0x08018720   0x00000048   Code   RO        10018    i.ecx_mbxerror      ec_main.o
    0x08018768   0x08018768   0x000000f4   Code   RO        10019    i.ecx_mbxexpirequeue  ec_main.o
    0x0801885c   0x0801885c   0x00000030   Code   RO        10020    i.ecx_mbxhandler    ec_main.o
    0x0801888c   0x0801888c   0x00000404   Code   RO        10021    i.ecx_mbxinhandler  ec_main.o
    0x08018c90   0x08018c90   0x000001fc   Code   RO        10022    i.ecx_mbxouthandler  ec_main.o
    0x08018e8c   0x08018e8c   0x000003a0   Code   RO        10023    i.ecx_mbxreceive    ec_main.o
    0x0801922c   0x0801922c   0x000000c8   Code   RO        10024    i.ecx_mbxrotatequeue  ec_main.o
    0x080192f4   0x080192f4   0x000001cc   Code   RO        10025    i.ecx_mbxsend       ec_main.o
    0x080194c0   0x080194c0   0x00000050   Code   RO        10520    i.ecx_outframe      nicdrv.o
    0x08019510   0x08019510   0x00000010   Code   RO        10521    i.ecx_outframe_red  nicdrv.o
    0x08019520   0x08019520   0x0000005c   Code   RO        10026    i.ecx_packeterror   ec_main.o
    0x0801957c   0x0801957c   0x00000030   Code   RO        10028    i.ecx_pullindex     ec_main.o
    0x080195ac   0x080195ac   0x00000088   Code   RO        10029    i.ecx_pusherror     ec_main.o
    0x08019634   0x08019634   0x0000004c   Code   RO        10030    i.ecx_pushindex     ec_main.o
    0x08019680   0x08019680   0x00000014   Code   RO        10430    i.ecx_readIDNmap    ec_soe.o
    0x08019694   0x08019694   0x0000010c   Code   RO         9750    i.ecx_readPDOassign  ec_coe.o
    0x080197a0   0x080197a0   0x0000011c   Code   RO         9751    i.ecx_readPDOassignCA  ec_coe.o
    0x080198bc   0x080198bc   0x000001b4   Code   RO         9752    i.ecx_readPDOmap    ec_coe.o
    0x08019a70   0x08019a70   0x0000019c   Code   RO         9753    i.ecx_readPDOmapCA  ec_coe.o
    0x08019c0c   0x08019c0c   0x000000a8   Code   RO        10032    i.ecx_readeeprom1   ec_main.o
    0x08019cb4   0x08019cb4   0x0000006a   Code   RO        10033    i.ecx_readeeprom2   ec_main.o
    0x08019d1e   0x08019d1e   0x00000144   Code   RO        10035    i.ecx_readeepromFP  ec_main.o
    0x08019e62   0x08019e62   0x0000007a   Code   RO        10036    i.ecx_readmbxstatus  ec_main.o
    0x08019edc   0x08019edc   0x00000044   Code   RO        10037    i.ecx_readmbxstatusex  ec_main.o
    0x08019f20   0x08019f20   0x00000228   Code   RO        10038    i.ecx_readstate     ec_main.o
    0x0801a148   0x0801a148   0x00000012   Code   RO        10039    i.ecx_receive_processdata  ec_main.o
    0x0801a15a   0x0801a15a   0x00000002   PAD
    0x0801a15c   0x0801a15c   0x000001b4   Code   RO        10040    i.ecx_receive_processdata_group  ec_main.o
    0x0801a310   0x0801a310   0x00000064   Code   RO         9754    i.ecx_sdo_diag_elapsed_us  ec_coe.o
    0x0801a374   0x0801a374   0x0000000e   Code   RO        10041    i.ecx_send_processdata  ec_main.o
    0x0801a382   0x0801a382   0x00000002   PAD
    0x0801a384   0x0801a384   0x00000568   Code   RO        10042    i.ecx_send_processdata_group  ec_main.o
    0x0801a8ec   0x0801a8ec   0x0000016c   Code   RO         9855    i.ecx_set_slaves_to_default  ec_config.o
    0x0801aa58   0x0801aa58   0x00000030   Code   RO        10522    i.ecx_setbufstat    nicdrv.o
    0x0801aa88   0x0801aa88   0x0000005e   Code   RO         9634    i.ecx_setupdatagram  ec_base.o
    0x0801aae6   0x0801aae6   0x00000002   PAD
    0x0801aae8   0x0801aae8   0x000000c0   Code   RO        10523    i.ecx_setupnic      nicdrv.o
    0x0801aba8   0x0801aba8   0x000000c8   Code   RO        10043    i.ecx_siiFMMU       ec_main.o
    0x0801ac70   0x0801ac70   0x000001e8   Code   RO        10044    i.ecx_siiPDO        ec_main.o
    0x0801ae58   0x0801ae58   0x0000010a   Code   RO        10045    i.ecx_siiSM         ec_main.o
    0x0801af62   0x0801af62   0x000000da   Code   RO        10046    i.ecx_siiSMnext     ec_main.o
    0x0801b03c   0x0801b03c   0x000000c0   Code   RO        10047    i.ecx_siifind       ec_main.o
    0x0801b0fc   0x0801b0fc   0x00000130   Code   RO        10048    i.ecx_siigetbyte    ec_main.o
    0x0801b22c   0x0801b22c   0x000000d8   Code   RO        10049    i.ecx_siistring     ec_main.o
    0x0801b304   0x0801b304   0x00000050   Code   RO        10050    i.ecx_slavembxcyclic  ec_main.o
    0x0801b354   0x0801b354   0x0000005c   Code   RO        10524    i.ecx_srconfirm     nicdrv.o
    0x0801b3b0   0x0801b3b0   0x000000e8   Code   RO        10051    i.ecx_statecheck    ec_main.o
    0x0801b498   0x0801b498   0x00000230   Code   RO        10525    i.ecx_waitinframe   nicdrv.o
    0x0801b6c8   0x0801b6c8   0x0000004c   Code   RO         9635    i.ecx_writedatagramdata  ec_base.o
    0x0801b714   0x0801b714   0x00000076   Code   RO        10055    i.ecx_writestate    ec_main.o
    0x0801b78a   0x0801b78a   0x00000046   Code   RO           16    i.main              main.o
    0x0801b7d0   0x0801b7d0   0x0000002c   Code   RO         8972    i.osKernelInitialize  cmsis_os2.o
    0x0801b7fc   0x0801b7fc   0x00000060   Code   RO         8975    i.osKernelStart     cmsis_os2.o
    0x0801b85c   0x0801b85c   0x0000002c   Code   RO         8986    i.osMessageQueueDelete  cmsis_os2.o
    0x0801b888   0x0801b888   0x00000080   Code   RO         8987    i.osMessageQueueGet  cmsis_os2.o
    0x0801b908   0x0801b908   0x0000009a   Code   RO         8992    i.osMessageQueueNew  cmsis_os2.o
    0x0801b9a2   0x0801b9a2   0x00000002   PAD
    0x0801b9a4   0x0801b9a4   0x00000084   Code   RO         8993    i.osMessageQueuePut  cmsis_os2.o
    0x0801ba28   0x0801ba28   0x0000006c   Code   RO         9000    i.osSemaphoreAcquire  cmsis_os2.o
    0x0801ba94   0x0801ba94   0x000000cc   Code   RO         9003    i.osSemaphoreNew    cmsis_os2.o
    0x0801bb60   0x0801bb60   0x0000005c   Code   RO         9004    i.osSemaphoreRelease  cmsis_os2.o
    0x0801bbbc   0x0801bbbc   0x000000b8   Code   RO         9017    i.osThreadNew       cmsis_os2.o
    0x0801bc74   0x0801bc74   0x00000040   Code   RO        10442    i.osal_current_time  osal.o
    0x0801bcb4   0x0801bcb4   0x0000002a   Code   RO        10443    i.osal_mutex_create  osal.o
    0x0801bcde   0x0801bcde   0x00000052   Code   RO        10444    i.osal_mutex_destroy  osal.o
    0x0801bd30   0x0801bd30   0x000000b0   Code   RO        10445    i.osal_mutex_lock   osal.o
    0x0801bde0   0x0801bde0   0x000000b2   Code   RO        10446    i.osal_mutex_unlock  osal.o
    0x0801be92   0x0801be92   0x00000002   PAD
    0x0801be94   0x0801be94   0x00000068   Code   RO        10447    i.osal_time_add_us  osal.o
    0x0801befc   0x0801befc   0x00000050   Code   RO        10448    i.osal_timer_is_expired  osal.o
    0x0801bf4c   0x0801bf4c   0x00000034   Code   RO        10449    i.osal_timer_start  osal.o
    0x0801bf80   0x0801bf80   0x00000028   Code   RO        10450    i.osal_usleep       osal.o
    0x0801bfa8   0x0801bfa8   0x0000007c   Code   RO         8392    i.prvAddCurrentTaskToDelayedList  tasks.o
    0x0801c024   0x0801c024   0x000000b8   Code   RO         8393    i.prvAddNewTaskToReadyList  tasks.o
    0x0801c0dc   0x0801c0dc   0x00000074   Code   RO         8768    i.prvCheckForValidListAndQueue  timers.o
    0x0801c150   0x0801c150   0x00000048   Code   RO         8394    i.prvCheckTasksWaitingTermination  tasks.o
    0x0801c198   0x0801c198   0x0000002a   Code   RO         7979    i.prvCopyDataFromQueue  queue.o
    0x0801c1c2   0x0801c1c2   0x0000007e   Code   RO         7980    i.prvCopyDataToQueue  queue.o
    0x0801c240   0x0801c240   0x00000050   Code   RO         8395    i.prvDeleteTCB      tasks.o
    0x0801c290   0x0801c290   0x00000014   Code   RO         7981    i.prvGetDisinheritPriorityAfterTimeout  queue.o
    0x0801c2a4   0x0801c2a4   0x00000028   Code   RO         8769    i.prvGetNextExpireTime  timers.o
    0x0801c2cc   0x0801c2cc   0x0000007c   Code   RO         9485    i.prvHeapInit       heap_4.o
    0x0801c348   0x0801c348   0x00000028   Code   RO         8396    i.prvIdleTask       tasks.o
    0x0801c370   0x0801c370   0x0000001e   Code   RO         7982    i.prvInitialiseMutex  queue.o
    0x0801c38e   0x0801c38e   0x0000002a   Code   RO         7983    i.prvInitialiseNewQueue  queue.o
    0x0801c3b8   0x0801c3b8   0x000000be   Code   RO         8397    i.prvInitialiseNewTask  tasks.o
    0x0801c476   0x0801c476   0x00000002   PAD
    0x0801c478   0x0801c478   0x00000068   Code   RO         8398    i.prvInitialiseTaskLists  tasks.o
    0x0801c4e0   0x0801c4e0   0x00000068   Code   RO         9486    i.prvInsertBlockIntoFreeList  heap_4.o
    0x0801c548   0x0801c548   0x00000058   Code   RO         8771    i.prvInsertTimerInActiveList  timers.o
    0x0801c5a0   0x0801c5a0   0x0000001a   Code   RO         7984    i.prvIsQueueEmpty   queue.o
    0x0801c5ba   0x0801c5ba   0x0000001e   Code   RO         7985    i.prvIsQueueFull    queue.o
    0x0801c5d8   0x0801c5d8   0x00000074   Code   RO         8772    i.prvProcessExpiredTimer  timers.o
    0x0801c64c   0x0801c64c   0x00000164   Code   RO         8773    i.prvProcessReceivedCommands  timers.o
    0x0801c7b0   0x0801c7b0   0x00000074   Code   RO         8774    i.prvProcessTimerOrBlockTask  timers.o
    0x0801c824   0x0801c824   0x00000034   Code   RO         8400    i.prvResetNextTaskUnblockTime  tasks.o
    0x0801c858   0x0801c858   0x0000002c   Code   RO         8775    i.prvSampleTimeNow  timers.o
    0x0801c884   0x0801c884   0x000000a4   Code   RO         8776    i.prvSwitchTimerLists  timers.o
    0x0801c928   0x0801c928   0x00000040   Code   RO         9541    i.prvTaskExitError  port.o
    0x0801c968   0x0801c968   0x0000001a   Code   RO         8777    i.prvTimerTask      timers.o
    0x0801c982   0x0801c982   0x0000007e   Code   RO         7986    i.prvUnlockQueue    queue.o
    0x0801ca00   0x0801ca00   0x0000014c   Code   RO         9487    i.pvPortMalloc      heap_4.o
    0x0801cb4c   0x0801cb4c   0x00000020   Code   RO         8403    i.pvTaskIncrementMutexHeldCount  tasks.o
    0x0801cb6c   0x0801cb6c   0x0000002c   Code   RO         9542    i.pxPortInitialiseStack  port.o
    0x0801cb98   0x0801cb98   0x00000028   Code   RO         7939    i.uxListRemove      list.o
    0x0801cbc0   0x0801cbc0   0x00000018   Code   RO         9029    i.vApplicationGetIdleTaskMemory  cmsis_os2.o
    0x0801cbd8   0x0801cbd8   0x00000018   Code   RO         9030    i.vApplicationGetTimerTaskMemory  cmsis_os2.o
    0x0801cbf0   0x0801cbf0   0x0000001a   Code   RO         7940    i.vListInitialise   list.o
    0x0801cc0a   0x0801cc0a   0x00000006   Code   RO         7941    i.vListInitialiseItem  list.o
    0x0801cc10   0x0801cc10   0x00000034   Code   RO         7942    i.vListInsert       list.o
    0x0801cc44   0x0801cc44   0x00000018   Code   RO         7943    i.vListInsertEnd    list.o
    0x0801cc5c   0x0801cc5c   0x00000054   Code   RO         9544    i.vPortEnterCritical  port.o
    0x0801ccb0   0x0801ccb0   0x0000003c   Code   RO         9545    i.vPortExitCritical  port.o
    0x0801ccec   0x0801ccec   0x000000a4   Code   RO         9488    i.vPortFree         heap_4.o
    0x0801cd90   0x0801cd90   0x00000028   Code   RO         9546    i.vPortSetupTimerInterrupt  port.o
    0x0801cdb8   0x0801cdb8   0x00000078   Code   RO         9547    i.vPortValidateInterruptPriority  port.o
    0x0801ce30   0x0801ce30   0x0000002c   Code   RO         7992    i.vQueueAddToRegistry  queue.o
    0x0801ce5c   0x0801ce5c   0x00000032   Code   RO         7993    i.vQueueDelete      queue.o
    0x0801ce8e   0x0801ce8e   0x00000002   PAD
    0x0801ce90   0x0801ce90   0x00000030   Code   RO         7995    i.vQueueUnregisterQueue  queue.o
    0x0801cec0   0x0801cec0   0x0000004a   Code   RO         7996    i.vQueueWaitForMessageRestricted  queue.o
    0x0801cf0a   0x0801cf0a   0x00000002   PAD
    0x0801cf0c   0x0801cf0c   0x0000005c   Code   RO         8413    i.vTaskDelay        tasks.o
    0x0801cf68   0x0801cf68   0x000000d4   Code   RO         8414    i.vTaskDelayUntil   tasks.o
    0x0801d03c   0x0801d03c   0x00000018   Code   RO         8418    i.vTaskInternalSetTimeOutState  tasks.o
    0x0801d054   0x0801d054   0x0000000c   Code   RO         8419    i.vTaskMissedYield  tasks.o
    0x0801d060   0x0801d060   0x00000038   Code   RO         8421    i.vTaskPlaceOnEventList  tasks.o
    0x0801d098   0x0801d098   0x00000040   Code   RO         8422    i.vTaskPlaceOnEventListRestricted  tasks.o
    0x0801d0d8   0x0801d0d8   0x000000d0   Code   RO         8424    i.vTaskPriorityDisinheritAfterTimeout  tasks.o
    0x0801d1a8   0x0801d1a8   0x000000b8   Code   RO         8430    i.vTaskStartScheduler  tasks.o
    0x0801d260   0x0801d260   0x00000010   Code   RO         8432    i.vTaskSuspendAll   tasks.o
    0x0801d270   0x0801d270   0x00000090   Code   RO         8433    i.vTaskSwitchContext  tasks.o
    0x0801d300   0x0801d300   0x00000168   Code   RO         9548    i.xPortStartScheduler  port.o
    0x0801d468   0x0801d468   0x00000034   Code   RO         9549    i.xPortSysTickHandler  port.o
    0x0801d49c   0x0801d49c   0x0000005c   Code   RO         7997    i.xQueueCreateCountingSemaphore  queue.o
    0x0801d4f8   0x0801d4f8   0x00000064   Code   RO         7998    i.xQueueCreateCountingSemaphoreStatic  queue.o
    0x0801d55c   0x0801d55c   0x00000022   Code   RO         7999    i.xQueueCreateMutex  queue.o
    0x0801d57e   0x0801d57e   0x0000005a   Code   RO         8001    i.xQueueGenericCreate  queue.o
    0x0801d5d8   0x0801d5d8   0x000000e0   Code   RO         8002    i.xQueueGenericCreateStatic  queue.o
    0x0801d6b8   0x0801d6b8   0x00000098   Code   RO         8003    i.xQueueGenericReset  queue.o
    0x0801d750   0x0801d750   0x000001a8   Code   RO         8004    i.xQueueGenericSend  queue.o
    0x0801d8f8   0x0801d8f8   0x000000fc   Code   RO         8005    i.xQueueGenericSendFromISR  queue.o
    0x0801d9f4   0x0801d9f4   0x000000e0   Code   RO         8008    i.xQueueGiveFromISR  queue.o
    0x0801dad4   0x0801dad4   0x00000168   Code   RO         8014    i.xQueueReceive     queue.o
    0x0801dc3c   0x0801dc3c   0x000000ca   Code   RO         8015    i.xQueueReceiveFromISR  queue.o
    0x0801dd06   0x0801dd06   0x00000002   PAD
    0x0801dd08   0x0801dd08   0x000001b8   Code   RO         8016    i.xQueueSemaphoreTake  queue.o
    0x0801dec0   0x0801dec0   0x0000008c   Code   RO         8435    i.xTaskCheckForTimeOut  tasks.o
    0x0801df4c   0x0801df4c   0x00000064   Code   RO         8436    i.xTaskCreate       tasks.o
    0x0801dfb0   0x0801dfb0   0x000000ba   Code   RO         8437    i.xTaskCreateStatic  tasks.o
    0x0801e06a   0x0801e06a   0x00000002   PAD
    0x0801e06c   0x0801e06c   0x00000020   Code   RO         8441    i.xTaskGetSchedulerState  tasks.o
    0x0801e08c   0x0801e08c   0x0000000c   Code   RO         8442    i.xTaskGetTickCount  tasks.o
    0x0801e098   0x0801e098   0x00000144   Code   RO         8444    i.xTaskIncrementTick  tasks.o
    0x0801e1dc   0x0801e1dc   0x000000a4   Code   RO         8447    i.xTaskPriorityDisinherit  tasks.o
    0x0801e280   0x0801e280   0x000000a4   Code   RO         8448    i.xTaskPriorityInherit  tasks.o
    0x0801e324   0x0801e324   0x00000098   Code   RO         8449    i.xTaskRemoveFromEventList  tasks.o
    0x0801e3bc   0x0801e3bc   0x00000104   Code   RO         8450    i.xTaskResumeAll    tasks.o
    0x0801e4c0   0x0801e4c0   0x00000078   Code   RO         8786    i.xTimerCreateTimerTask  timers.o
    0x0801e538   0x0801e538   0x00000084   Code   RO         8787    i.xTimerGenericCommand  timers.o
    0x0801e5bc   0x0801e5bc   0x0000002c   Code   RO        10853    locale$$code        c_w.l(lc_numeric_c.o)
    0x0801e5e8   0x0801e5e8   0x0000002c   Code   RO        10930    locale$$code        c_w.l(lc_ctype_c.o)
    0x0801e614   0x0801e614   0x0000000a   Code   RO        10938    x$fpl$fpinit        fz_wv.l(fpinit.o)
    0x0801e61e   0x0801e61e   0x00000004   Code   RO        10730    x$fpl$printf1       fz_wv.l(printf1.o)
    0x0801e622   0x0801e622   0x00000004   Code   RO        10785    x$fpl$printf2       fz_wv.l(printf2.o)
    0x0801e626   0x0801e626   0x00000000   Code   RO        10791    x$fpl$usenofp       fz_wv.l(usenofp.o)
    0x0801e626   0x0801e626   0x00000002   PAD
    0x0801e628   0x0801e628   0x000000b4   Data   RO          286    .constdata          freertos.o
    0x0801e6dc   0x0801e6dc   0x00000028   Data   RO          815    .constdata          app_uart_log.o
    0x0801e704   0x0801e704   0x0000001e   Data   RO          953    .constdata          ecat.o
    0x0801e722   0x0801e722   0x00000002   PAD
    0x0801e724   0x0801e724   0x000000a0   Data   RO         1298    .constdata          ecat_pdo_map.o
    0x0801e7c4   0x0801e7c4   0x00000030   Data   RO         1780    .constdata          robot_joint.o
    0x0801e7f4   0x0801e7f4   0x00000050   Data   RO         2467    .constdata          bsp_can.o
    0x0801e844   0x0801e844   0x00000010   Data   RO         2570    .constdata          bsp_key.o
    0x0801e854   0x0801e854   0x00000008   Data   RO         3505    .constdata          stm32h7xx_hal_dma.o
    0x0801e85c   0x0801e85c   0x0000005c   Data   RO         5690    .constdata          stm32h7xx_hal_fdcan.o
    0x0801e8b8   0x0801e8b8   0x00000018   Data   RO         7296    .constdata          stm32h7xx_hal_uart.o
    0x0801e8d0   0x0801e8d0   0x00000010   Data   RO         7667    .constdata          stm32h7xx_hal_uart_ex.o
    0x0801e8e0   0x0801e8e0   0x00000010   Data   RO         7776    .constdata          system_stm32h7xx.o
    0x0801e8f0   0x0801e8f0   0x00000006   Data   RO        10527    .constdata          nicdrv.o
    0x0801e8f6   0x0801e8f6   0x00000028   Data   RO        10679    .constdata          c_w.l(_printf_hex_int_ll_ptr.o)
    0x0801e91e   0x0801e91e   0x00000011   Data   RO        10699    .constdata          c_w.l(__printf_flags_ss_wp.o)
    0x0801e92f   0x0801e92f   0x00000001   PAD
    0x0801e930   0x0801e930   0x00000008   Data   RO        10754    .constdata          c_w.l(_printf_wctomb.o)
    0x0801e938   0x0801e938   0x00000026   Data   RO        10817    .constdata          c_w.l(_printf_fp_hex.o)
    0x0801e95e   0x0801e95e   0x00000002   PAD
    0x0801e960   0x0801e960   0x00000094   Data   RO        10826    .constdata          c_w.l(bigflt0.o)
    0x0801e9f4   0x0801e9f4   0x00000038   Data   RO          287    .conststring        freertos.o
    0x0801ea2c   0x0801ea2c   0x0000001d   Data   RO          816    .conststring        app_uart_log.o
    0x0801ea49   0x0801ea49   0x00000003   PAD
    0x0801ea4c   0x0801ea4c   0x000001c6   Data   RO         1188    .conststring        ecat_diag.o
    0x0801ec12   0x0801ec12   0x00000002   PAD
    0x0801ec14   0x0801ec14   0x00000048   Data   RO         1249    .conststring        ecat_log.o
    0x0801ec5c   0x0801ec5c   0x00000202   Data   RO         1299    .conststring        ecat_pdo_map.o
    0x0801ee5e   0x0801ee5e   0x00000002   PAD
    0x0801ee60   0x0801ee60   0x000001a4   Data   RO         1406    .conststring        ecat_pdo_config.o
    0x0801f004   0x0801f004   0x00000207   Data   RO         1528    .conststring        ecat_runtime.o
    0x0801f20b   0x0801f20b   0x00000001   PAD
    0x0801f20c   0x0801f20c   0x00000020   Data   RO        11009    Region$$Table       anon$$obj.o
    0x0801f22c   0x0801f22c   0x0000001c   Data   RO        10852    locale$$data        c_w.l(lc_numeric_c.o)
    0x0801f248   0x0801f248   0x00000110   Data   RO        10929    locale$$data        c_w.l(lc_ctype_c.o)


    Execution Region RW_IRAM1 (Exec base: 0x20000000, Load base: 0x0801f358, Size: 0x00000000, Max: 0x00020000, ABSOLUTE)

    **** No section assigned to this execution region ****


    Execution Region RW_IRAM2 (Exec base: 0x24000000, Load base: 0x0801f358, Size: 0x000390b8, Max: 0x00080000, ABSOLUTE, COMPRESSED[0x00000014])

    Exec Addr    Load Addr    Size         Type   Attr      Idx    E Section Name        Object

    0x24000000   COMPRESSED   0x00000024   Data   RW          288    .data               freertos.o
    0x24000024   COMPRESSED   0x00000006   Data   RW          356    .data               eth.o
    0x2400002a   COMPRESSED   0x00000002   PAD
    0x2400002c   COMPRESSED   0x0000000c   Data   RW          817    .data               app_uart_log.o
    0x24000038   COMPRESSED   0x00000068   Data   RW          954    .data               ecat.o
    0x240000a0   COMPRESSED   0x0000000c   Data   RW         1529    .data               ecat_runtime.o
    0x240000ac   COMPRESSED   0x0000002f   Data   RW         2027    .data               app_can.o
    0x240000db   COMPRESSED   0x00000001   PAD
    0x240000dc   COMPRESSED   0x0000001c   Data   RW         2244    .data               bsp_lan8720.o
    0x240000f8   COMPRESSED   0x00000004   Data   RW         2303    .data               bsp_eth_raw.o
    0x240000fc   COMPRESSED   0x00000004   Data   RW         2367    .data               bsp_soem_timebase.o
    0x24000100   COMPRESSED   0x00000018   Data   RW         2468    .data               bsp_can.o
    0x24000118   COMPRESSED   0x0000000c   Data   RW         2571    .data               bsp_key.o
    0x24000124   COMPRESSED   0x00000009   Data   RW         4243    .data               stm32h7xx_hal.o
    0x2400012d   COMPRESSED   0x00000003   PAD
    0x24000130   COMPRESSED   0x00000008   Data   RW         7777    .data               system_stm32h7xx.o
    0x24000138   COMPRESSED   0x0000003c   Data   RW         8453    .data               tasks.o
    0x24000174   COMPRESSED   0x00000014   Data   RW         8795    .data               timers.o
    0x24000188   COMPRESSED   0x00000004   Data   RW         9032    .data               cmsis_os2.o
    0x2400018c   COMPRESSED   0x00000020   Data   RW         9494    .data               heap_4.o
    0x240001ac   COMPRESSED   0x0000000c   Data   RW         9550    .data               port.o
    0x240001b8   COMPRESSED   0x00000028   Data   RW         9755    .data               ec_coe.o
    0x240001e0   COMPRESSED   0x0000002c   Data   RW        10056    .data               ec_main.o
    0x2400020c        -       0x0000085c   Zero   RW          285    .bss                freertos.o
    0x24000a68        -       0x00000148   Zero   RW          355    .bss                eth.o
    0x24000bb0        -       0x000000a0   Zero   RW          398    .bss                fdcan.o
    0x24000c50        -       0x0000010c   Zero   RW          440    .bss                usart.o
    0x24000d5c        -       0x0000004c   Zero   RW          705    .bss                stm32h7xx_hal_timebase_tim.o
    0x24000da8        -       0x000018c0   Zero   RW          814    .bss                app_uart_log.o
    0x24002668        -       0x00031100   Zero   RW          952    .bss                ecat.o
    0x24033768        -       0x00000180   Zero   RW         1527    .bss                ecat_runtime.o
    0x240338e8        -       0x0000025c   Zero   RW         1828    .bss                robot_trajectory.o
    0x24033b44        -       0x0000012c   Zero   RW         2026    .bss                app_can.o
    0x24033c70        -       0x000004c8   Zero   RW         2466    .bss                bsp_can.o
    0x24034138        -       0x00000040   Zero   RW         8018    .bss                queue.o
    0x24034178        -       0x000004c4   Zero   RW         8452    .bss                tasks.o
    0x2403463c        -       0x00000118   Zero   RW         8794    .bss                timers.o
    0x24034754        -       0x000006b8   Zero   RW         9031    .bss                cmsis_os2.o
    0x24034e0c        -       0x00003c00   Zero   RW         9493    .bss                heap_4.o
    0x24038a0c        -       0x00000010   Zero   RW         9856    .bss                ec_config.o
    0x24038a1c        -       0x00000038   Zero   RW        10526    .bss                nicdrv.o
    0x24038a54        -       0x00000060   Zero   RW        10860    .bss                c_w.l(libspace.o)
    0x24038ab4   COMPRESSED   0x00000004   PAD
    0x24038ab8        -       0x00000200   Zero   RW            2    HEAP                startup_stm32h743xx.o
    0x24038cb8        -       0x00000400   Zero   RW            1    STACK               startup_stm32h743xx.o



  Load Region LR$$.ARM.__AT_0x30000000 (Base: 0x30000000, Size: 0x00000000, Max: 0x00000060, ABSOLUTE)

    Execution Region ER$$.ARM.__AT_0x30000000 (Exec base: 0x30000000, Load base: 0x30000000, Size: 0x00000060, Max: 0x00000060, ABSOLUTE, UNINIT)

    Exec Addr    Load Addr    Size         Type   Attr      Idx    E Section Name        Object

    0x30000000        -       0x00000060   Zero   RW          353    .ARM.__AT_0x30000000  eth.o



  Load Region LR$$.ARM.__AT_0x30000200 (Base: 0x30000200, Size: 0x00000000, Max: 0x00000060, ABSOLUTE)

    Execution Region ER$$.ARM.__AT_0x30000200 (Exec base: 0x30000200, Load base: 0x30000200, Size: 0x00000060, Max: 0x00000060, ABSOLUTE, UNINIT)

    Exec Addr    Load Addr    Size         Type   Attr      Idx    E Section Name        Object

    0x30000200        -       0x00000060   Zero   RW          354    .ARM.__AT_0x30000200  eth.o



  Load Region LR$$.ARM.__AT_0x30000400 (Base: 0x30000400, Size: 0x00000000, Max: 0x000017d0, ABSOLUTE)

    Execution Region ER$$.ARM.__AT_0x30000400 (Exec base: 0x30000400, Load base: 0x30000400, Size: 0x000017d0, Max: 0x000017d0, ABSOLUTE, UNINIT)

    Exec Addr    Load Addr    Size         Type   Attr      Idx    E Section Name        Object

    0x30000400        -       0x000017d0   Zero   RW         2301    .ARM.__AT_0x30000400  bsp_eth_raw.o



  Load Region LR$$.ARM.__AT_0x30002000 (Base: 0x30002000, Size: 0x00000000, Max: 0x000005f4, ABSOLUTE)

    Execution Region ER$$.ARM.__AT_0x30002000 (Exec base: 0x30002000, Load base: 0x30002000, Size: 0x000005f4, Max: 0x000005f4, ABSOLUTE, UNINIT)

    Exec Addr    Load Addr    Size         Type   Attr      Idx    E Section Name        Object

    0x30002000        -       0x000005f4   Zero   RW         2302    .ARM.__AT_0x30002000  bsp_eth_raw.o


==============================================================================

Image component sizes


      Code (inc. data)   RO Data    RW Data    ZI Data      Debug   Object Name

      5008        412          0         47        300      28654   app_can.o
         0          0          0          0          0        448   app_eth_debug.o
       528         68         69         12       6336      22862   app_uart_log.o
      1568        180         80         24       1224      10801   bsp_can.o
       372         40          0          4       7620       5211   bsp_eth_raw.o
       220         20         16         12          0       2784   bsp_key.o
       432         50          0         28          0       3654   bsp_lan8720.o
       320         24          0          4          0       3837   bsp_soem_timebase.o
      1262         54          0          4       1720      76543   cmsis_os2.o
      1050          0          0          0          0      11374   ec_base.o
      3768         96          0         40          0      11854   ec_coe.o
     14028        148          0          0         16      19492   ec_config.o
     11778        248          0         44          0      48819   ec_main.o
        20          0          0          0          0       1129   ec_soe.o
      6074       2398         30        104     200960      52974   ecat.o
      1352        660        454          0          0       6633   ecat_diag.o
       122          6         72          0          0       3140   ecat_log.o
      4104       1378        420          0          0      13069   ecat_pdo_config.o
      3176       1078        674          0          0      14511   ecat_pdo_map.o
     10564       1992        519         12        384      53358   ecat_runtime.o
       180         18          0          0          0       1813   ecat_runtime_sdo.o
      1492        596          0          0          0       8880   ecat_sdo.o
       408         46          0          6        520       2211   eth.o
         0          0          0          0          0      19424   event_groups.o
       404         24          0          0        160       2043   fdcan.o
       416         76        236         36       2140       5580   freertos.o
       288         16          0          0          0       1215   gpio.o
       724         74          0         32      15360       4979   heap_4.o
       148          0          0          0          0       3690   list.o
       312         20          0          0          0    1366840   main.o
      1128         14          6          0         56       8990   nicdrv.o
       818         14          0          0          0      10412   osal.o
      1014         92          0         12          0      11801   port.o
      3252         30          0          0         64      28428   queue.o
        24          6         48          0          0       1252   robot_joint.o
      1800         58          0          0        604      15874   robot_trajectory.o
        64         26        664          0       1536        844   startup_stm32h743xx.o
       164         38          0          9          0      22685   stm32h7xx_hal.o
       326         28          0          0          0      40016   stm32h7xx_hal_cortex.o
      8668        168          8          0          0      13929   stm32h7xx_hal_dma.o
      3714         84          0          0          0      15211   stm32h7xx_hal_eth.o
      3950         54         92          0          0      26395   stm32h7xx_hal_fdcan.o
       536         52          0          0          0       2903   stm32h7xx_hal_gpio.o
        48          6          0          0          0        934   stm32h7xx_hal_msp.o
        96          6          0          0          0        773   stm32h7xx_hal_pwr_ex.o
      3748        124          0          0          0       7677   stm32h7xx_hal_rcc.o
      5300        108          0          0          0       7397   stm32h7xx_hal_rcc_ex.o
       928         68          0          0          0       6774   stm32h7xx_hal_tim.o
         6          0          0          0          0       2308   stm32h7xx_hal_tim_ex.o
       160         20          0          0         76       1651   stm32h7xx_hal_timebase_tim.o
      4142        160         24          0          0      34492   stm32h7xx_hal_uart.o
       360         10         16          0          0       5562   stm32h7xx_hal_uart_ex.o
        86         24          0          0          0       4812   stm32h7xx_it.o
         0          0          0          0          0        400   stream_buffer.o
       252         40         16          8          0       1414   system_stm32h7xx.o
      3424        392          0         60       1220      31381   tasks.o
      1318        124          0         20        280      32963   timers.o
       392         30          0          0        268    1089999   usart.o

    ----------------------------------------------------------------------
    115902      11498       3486        524     240844    3235099   Object Totals
         0          0         32          0          0          0   (incl. Generated)
        66          0         10          6          0          0   (incl. Padding)

    ----------------------------------------------------------------------

      Code (inc. data)   RO Data    RW Data    ZI Data      Debug   Library Member Name

        56          6          0          0          0         88   __2snprintf.o
        90          0          0          0          0          0   __dczerorl2.o
         8          0          0          0          0         68   __main.o
       392          4         17          0          0         92   __printf_flags_ss_wp.o
        14          0          0          0          0         68   __printf_wp.o
         0          0          0          0          0          0   __rtentry.o
        12          0          0          0          0          0   __rtentry2.o
         6          0          0          0          0          0   __rtentry4.o
        52          8          0          0          0          0   __scatter.o
        28          0          0          0          0          0   __scatter_zi.o
         6          0          0          0          0          0   _printf_a.o
         6          0          0          0          0          0   _printf_c.o
        44          0          0          0          0        108   _printf_char.o
        48          6          0          0          0         96   _printf_char_common.o
        40          0          0          0          0         68   _printf_charcount.o
         6          0          0          0          0          0   _printf_d.o
       120         16          0          0          0         92   _printf_dec.o
         6          0          0          0          0          0   _printf_e.o
         6          0          0          0          0          0   _printf_f.o
      1054          0          0          0          0        216   _printf_fp_dec.o
       764          8         38          0          0        100   _printf_fp_hex.o
       128         16          0          0          0         84   _printf_fp_infnan.o
         6          0          0          0          0          0   _printf_g.o
       148          4         40          0          0        160   _printf_hex_int_ll_ptr.o
         6          0          0          0          0          0   _printf_i.o
       178          0          0          0          0         88   _printf_intcommon.o
        10          0          0          0          0          0   _printf_l.o
         6          0          0          0          0          0   _printf_lc.o
        10          0          0          0          0          0   _printf_ll.o
         6          0          0          0          0          0   _printf_lld.o
         6          0          0          0          0          0   _printf_lli.o
         6          0          0          0          0          0   _printf_llo.o
         6          0          0          0          0          0   _printf_llu.o
         6          0          0          0          0          0   _printf_llx.o
       124         16          0          0          0         92   _printf_longlong_dec.o
         6          0          0          0          0          0   _printf_ls.o
         6          0          0          0          0          0   _printf_n.o
         6          0          0          0          0          0   _printf_o.o
       112         10          0          0          0        124   _printf_oct_int_ll.o
         6          0          0          0          0          0   _printf_p.o
        78          0          0          0          0        108   _printf_pad.o
         0          0          0          0          0          0   _printf_percent.o
         4          0          0          0          0          0   _printf_percent_end.o
         6          0          0          0          0          0   _printf_s.o
        82          0          0          0          0         80   _printf_str.o
        36          0          0          0          0         84   _printf_truncate.o
         6          0          0          0          0          0   _printf_u.o
        44          0          0          0          0        108   _printf_wchar.o
       188          6          8          0          0         92   _printf_wctomb.o
         6          0          0          0          0          0   _printf_x.o
        16          0          0          0          0         68   _snputc.o
        10          0          0          0          0         68   _sputc.o
        64          0          0          0          0         92   _wcrtomb.o
        16          0          0          0          0         68   aeabi_memset.o
       228          4        148          0          0         96   bigflt0.o
      1936        128          0          0          0        672   btod.o
        18          0          0          0          0         80   exit.o
         6          0          0          0          0        152   heapauxi.o
         0          0          0          0          0          0   indicate_semi.o
        44         10        272          0          0         76   lc_ctype_c.o
        44         10         28          0          0         76   lc_numeric_c.o
         2          0          0          0          0          0   libinit.o
        34          0          0          0          0          0   libinit2.o
         2          0          0          0          0          0   libshutdown.o
         2          0          0          0          0          0   libshutdown2.o
         8          4          0          0         96         68   libspace.o
       138          0          0          0          0         80   lludiv10.o
       238          0          0          0          0        100   lludivv7m.o
        88          0          0          0          0         76   memcmp.o
        16          4          0          0          0         76   rt_ctype_table.o
         8          4          0          0          0         68   rt_locale_intlibspace.o
        68          0          0          0          0         68   rt_memclr.o
        78          0          0          0          0         80   rt_memclr_w.o
       138          0          0          0          0         68   rt_memcpy_v6.o
       100          0          0          0          0         80   rt_memcpy_w.o
       132          0          0          0          0         68   rt_memmove_v6.o
       122          0          0          0          0         80   rt_memmove_w.o
         2          0          0          0          0          0   rtexit.o
        10          0          0          0          0          0   rtexit2.o
       104          0          0          0          0         68   strcmpv7m_pel.o
        12          4          0          0          0         68   sys_exit.o
        74          0          0          0          0         80   sys_stackheap_outer.o
         2          0          0          0          0         68   use_no_semi.o
        52          4          0          0          0         80   vsnprintf.o
        10          0          0          0          0        116   fpinit.o
         4          0          0          0          0        116   printf1.o
         4          0          0          0          0        116   printf2.o
         0          0          0          0          0          0   usenofp.o
        48          0          0          0          0        124   fpclassify.o

    ----------------------------------------------------------------------
      7890        272        554          0        100       5212   Library Totals
        22          0          3          0          4          0   (incl. Padding)

    ----------------------------------------------------------------------

      Code (inc. data)   RO Data    RW Data    ZI Data      Debug   Library Name

      7802        272        551          0         96       4740   c_w.l
        18          0          0          0          0        348   fz_wv.l
        48          0          0          0          0        124   m_wv.l

    ----------------------------------------------------------------------
      7890        272        554          0        100       5212   Library Totals

    ----------------------------------------------------------------------

==============================================================================


      Code (inc. data)   RO Data    RW Data    ZI Data      Debug   

    123792      11770       4040        524     240944    3180459   Grand Totals
    123792      11770       4040         20     240944    3180459   ELF Image Totals (compressed)
    123792      11770       4040         20          0          0   ROM Totals

==============================================================================

    Total RO  Size (Code + RO Data)               127832 ( 124.84kB)
    Total RW  Size (RW Data + ZI Data)            241468 ( 235.81kB)
    Total ROM Size (Code + RO Data + RW Data)     127852 ( 124.86kB)

==============================================================================

